15:27:55 **** Incremental Build of configuration Debug for project miniproject ****
make pre-build main-build 
a9-linaro-pre-build-step
' '
make: Ingenting at gøre for 'main-build'.
15:27:58 **** Incremental Build of configuration Debug for project miniproject ****
make pre-build main-build 
a9-linaro-pre-build-step
' '
make: Ingenting at gøre for 'main-build'.
15:27:59 **** Incremental Build of configuration Debug for project standalone_bsp_1_xscutimer_polled_example_1 ****
make pre-build main-build 
a9-linaro-pre-build-step
' '
make: Ingenting at gøre for 'main-build'.
15:29:51 **** Incremental Build of configuration Debug for project miniproject ****
make pre-build main-build 
a9-linaro-pre-build-step
' '
make: Ingenting at gøre for 'main-build'.
15:29:52 **** Incremental Build of configuration Debug for project standalone_bsp_1_xscutimer_polled_example_1 ****
make pre-build main-build 
a9-linaro-pre-build-step
' '
make: Ingenting at gøre for 'main-build'.
15:31:24 **** Auto Build of configuration Debug for project miniproject ****
make pre-build main-build 
a9-linaro-pre-build-step
' '
'Building file: ../src/main.cpp'
'Invoking: ARM v7 g++ compiler'
arm-none-eabi-g++ -Wall -O0 -g3 -c -fmessage-length=0 -MT"src/main.o" -mcpu=cortex-a9 -mfpu=vfpv3 -mfloat-abi=hard -I../../standalone_bsp_1/ps7_cortexa9_0/include -MMD -MP -MF"src/main.d" -MT"src/main.o" -o "src/main.o" "../src/main.cpp"
../src/main.cpp: In function 'int main(int, char**)':
../src/main.cpp:45:16: warning: unused variable 'processorSW' [-Wunused-variable]
  ConvolutionSW processorSW;
                ^~~~~~~~~~~
../src/main.cpp:47:19: warning: unused variable 'hough' [-Wunused-variable]
  HoughTransformSW hough;
                   ^~~~~
'Finished building: ../src/main.cpp'
' '
'Building target: miniproject.elf'
'Invoking: ARM v7 g++ linker'
arm-none-eabi-g++ -mcpu=cortex-a9 -mfpu=vfpv3 -mfloat-abi=hard -Wl,-build-id=none -specs=Xilinx.spec -Wl,-T -Wl,../src/lscript.ld -L../../standalone_bsp_1/ps7_cortexa9_0/lib -o "miniproject.elf"  ./src/SDCard/FileSDCard.o ./src/SDCard/TestFileSDCard.o  ./src/main.o   -Wl,--start-group,-lxil,-lgcc,-lc,-lstdc++,--end-group -Wl,--start-group,-lxilffs,-lxil,-lgcc,-lc,--end-group
'Finished building target: miniproject.elf'
' '
'Invoking: ARM v7 Print Size'
arm-none-eabi-size miniproject.elf  |tee "miniproject.elf.size"
   text	   data	    bss	    dec	    hex	filename
 823631	   2956	 211232	1037819	  fd5fb	miniproject.elf
'Finished building: miniproject.elf.size'
' '
15:31:28 **** Auto Build of configuration Debug for project miniproject ****
make pre-build main-build 
a9-linaro-pre-build-step
' '
'Building file: ../src/main.cpp'
'Invoking: ARM v7 g++ compiler'
arm-none-eabi-g++ -Wall -O0 -g3 -c -fmessage-length=0 -MT"src/main.o" -mcpu=cortex-a9 -mfpu=vfpv3 -mfloat-abi=hard -I../../standalone_bsp_1/ps7_cortexa9_0/include -MMD -MP -MF"src/main.d" -MT"src/main.o" -o "src/main.o" "../src/main.cpp"
../src/main.cpp: In function 'int main(int, char**)':
../src/main.cpp:45:16: warning: unused variable 'processorSW' [-Wunused-variable]
  ConvolutionSW processorSW;
                ^~~~~~~~~~~
../src/main.cpp:47:19: warning: unused variable 'hough' [-Wunused-variable]
  HoughTransformSW hough;
                   ^~~~~
'Finished building: ../src/main.cpp'
' '
'Building target: miniproject.elf'
'Invoking: ARM v7 g++ linker'
arm-none-eabi-g++ -mcpu=cortex-a9 -mfpu=vfpv3 -mfloat-abi=hard -Wl,-build-id=none -specs=Xilinx.spec -Wl,-T -Wl,../src/lscript.ld -L../../standalone_bsp_1/ps7_cortexa9_0/lib -o "miniproject.elf"  ./src/SDCard/FileSDCard.o ./src/SDCard/TestFileSDCard.o  ./src/main.o   -Wl,--start-group,-lxil,-lgcc,-lc,-lstdc++,--end-group -Wl,--start-group,-lxilffs,-lxil,-lgcc,-lc,--end-group
'Finished building target: miniproject.elf'
' '
'Invoking: ARM v7 Print Size'
arm-none-eabi-size miniproject.elf  |tee "miniproject.elf.size"
   text	   data	    bss	    dec	    hex	filename
 823631	   2956	 211232	1037819	  fd5fb	miniproject.elf
'Finished building: miniproject.elf.size'
' '
15:32:18 **** Auto Build of configuration Debug for project miniproject ****
make pre-build main-build 
a9-linaro-pre-build-step
' '
'Building file: ../src/main.cpp'
'Invoking: ARM v7 g++ compiler'
arm-none-eabi-g++ -Wall -O0 -g3 -c -fmessage-length=0 -MT"src/main.o" -mcpu=cortex-a9 -mfpu=vfpv3 -mfloat-abi=hard -I../../standalone_bsp_1/ps7_cortexa9_0/include -MMD -MP -MF"src/main.d" -MT"src/main.o" -o "src/main.o" "../src/main.cpp"
../src/main.cpp: In function 'int main(int, char**)':
../src/main.cpp:45:16: warning: unused variable 'processorSW' [-Wunused-variable]
  ConvolutionSW processorSW;
                ^~~~~~~~~~~
../src/main.cpp:47:19: warning: unused variable 'hough' [-Wunused-variable]
  HoughTransformSW hough;
                   ^~~~~
'Finished building: ../src/main.cpp'
' '
'Building target: miniproject.elf'
'Invoking: ARM v7 g++ linker'
arm-none-eabi-g++ -mcpu=cortex-a9 -mfpu=vfpv3 -mfloat-abi=hard -Wl,-build-id=none -specs=Xilinx.spec -Wl,-T -Wl,../src/lscript.ld -L../../standalone_bsp_1/ps7_cortexa9_0/lib -o "miniproject.elf"  ./src/SDCard/FileSDCard.o ./src/SDCard/TestFileSDCard.o  ./src/main.o   -Wl,--start-group,-lxil,-lgcc,-lc,-lstdc++,--end-group -Wl,--start-group,-lxilffs,-lxil,-lgcc,-lc,--end-group
'Finished building target: miniproject.elf'
' '
'Invoking: ARM v7 Print Size'
arm-none-eabi-size miniproject.elf  |tee "miniproject.elf.size"
   text	   data	    bss	    dec	    hex	filename
 823631	   2956	 211232	1037819	  fd5fb	miniproject.elf
'Finished building: miniproject.elf.size'
' '
15:34:36 **** Auto Build of configuration Debug for project miniproject ****
make pre-build main-build 
a9-linaro-pre-build-step
' '
'Building file: ../src/main.cpp'
'Invoking: ARM v7 g++ compiler'
arm-none-eabi-g++ -Wall -O0 -g3 -c -fmessage-length=0 -MT"src/main.o" -mcpu=cortex-a9 -mfpu=vfpv3 -mfloat-abi=hard -I../../standalone_bsp_1/ps7_cortexa9_0/include -MMD -MP -MF"src/main.d" -MT"src/main.o" -o "src/main.o" "../src/main.cpp"
../src/main.cpp: In function 'int main(int, char**)':
../src/main.cpp:45:16: warning: unused variable 'processorSW' [-Wunused-variable]
  ConvolutionSW processorSW;
                ^~~~~~~~~~~
../src/main.cpp:47:19: warning: unused variable 'hough' [-Wunused-variable]
  HoughTransformSW hough;
                   ^~~~~
'Finished building: ../src/main.cpp'
' '
'Building target: miniproject.elf'
'Invoking: ARM v7 g++ linker'
arm-none-eabi-g++ -mcpu=cortex-a9 -mfpu=vfpv3 -mfloat-abi=hard -Wl,-build-id=none -specs=Xilinx.spec -Wl,-T -Wl,../src/lscript.ld -L../../standalone_bsp_1/ps7_cortexa9_0/lib -o "miniproject.elf"  ./src/SDCard/FileSDCard.o ./src/SDCard/TestFileSDCard.o  ./src/main.o   -Wl,--start-group,-lxil,-lgcc,-lc,-lstdc++,--end-group -Wl,--start-group,-lxilffs,-lxil,-lgcc,-lc,--end-group
'Finished building target: miniproject.elf'
' '
'Invoking: ARM v7 Print Size'
arm-none-eabi-size miniproject.elf  |tee "miniproject.elf.size"
   text	   data	    bss	    dec	    hex	filename
 823623	   2956	 211232	1037811	  fd5f3	miniproject.elf
'Finished building: miniproject.elf.size'
' '
15:34:43 **** Auto Build of configuration Debug for project miniproject ****
make pre-build main-build 
a9-linaro-pre-build-step
' '
'Building file: ../src/main.cpp'
'Invoking: ARM v7 g++ compiler'
arm-none-eabi-g++ -Wall -O0 -g3 -c -fmessage-length=0 -MT"src/main.o" -mcpu=cortex-a9 -mfpu=vfpv3 -mfloat-abi=hard -I../../standalone_bsp_1/ps7_cortexa9_0/include -MMD -MP -MF"src/main.d" -MT"src/main.o" -o "src/main.o" "../src/main.cpp"
../src/main.cpp: In function 'int main(int, char**)':
../src/main.cpp:45:16: warning: unused variable 'processorSW' [-Wunused-variable]
  ConvolutionSW processorSW;
                ^~~~~~~~~~~
../src/main.cpp:47:19: warning: unused variable 'hough' [-Wunused-variable]
  HoughTransformSW hough;
                   ^~~~~
'Finished building: ../src/main.cpp'
' '
'Building target: miniproject.elf'
'Invoking: ARM v7 g++ linker'
arm-none-eabi-g++ -mcpu=cortex-a9 -mfpu=vfpv3 -mfloat-abi=hard -Wl,-build-id=none -specs=Xilinx.spec -Wl,-T -Wl,../src/lscript.ld -L../../standalone_bsp_1/ps7_cortexa9_0/lib -o "miniproject.elf"  ./src/SDCard/FileSDCard.o ./src/SDCard/TestFileSDCard.o  ./src/main.o   -Wl,--start-group,-lxil,-lgcc,-lc,-lstdc++,--end-group -Wl,--start-group,-lxilffs,-lxil,-lgcc,-lc,--end-group
'Finished building target: miniproject.elf'
' '
'Invoking: ARM v7 Print Size'
arm-none-eabi-size miniproject.elf  |tee "miniproject.elf.size"
   text	   data	    bss	    dec	    hex	filename
 823623	   2956	 211232	1037811	  fd5f3	miniproject.elf
'Finished building: miniproject.elf.size'
' '
15:35:07 **** Incremental Build of configuration Debug for project miniproject ****
make pre-build main-build 
a9-linaro-pre-build-step
' '
make: Ingenting at gøre for 'main-build'.
15:35:08 **** Incremental Build of configuration Debug for project standalone_bsp_1_xscutimer_polled_example_1 ****
make pre-build main-build 
a9-linaro-pre-build-step
' '
make: Ingenting at gøre for 'main-build'.
15:35:45 **** Incremental Build of configuration Debug for project miniproject ****
make pre-build main-build 
a9-linaro-pre-build-step
' '
make: Ingenting at gøre for 'main-build'.
15:35:46 **** Incremental Build of configuration Debug for project standalone_bsp_1_xscutimer_polled_example_1 ****
make pre-build main-build 
a9-linaro-pre-build-step
' '
make: Ingenting at gøre for 'main-build'.
15:37:38 **** Incremental Build of configuration Debug for project miniproject ****
make pre-build main-build 
a9-linaro-pre-build-step
' '
make: Ingenting at gøre for 'main-build'.
15:37:38 **** Incremental Build of configuration Debug for project standalone_bsp_1_xscutimer_polled_example_1 ****
make pre-build main-build 
a9-linaro-pre-build-step
' '
make: Ingenting at gøre for 'main-build'.
15:38:13 **** Incremental Build of configuration Debug for project miniproject ****
make pre-build main-build 
a9-linaro-pre-build-step
' '
make: Ingenting at gøre for 'main-build'.
15:40:03 **** Incremental Build of configuration Debug for project miniproject ****
make pre-build main-build 
a9-linaro-pre-build-step
' '
make: Ingenting at gøre for 'main-build'.
16:01:15 **** Auto Build of configuration Debug for project miniproject ****
make pre-build main-build 
a9-linaro-pre-build-step
' '
'Building file: ../src/main.cpp'
'Invoking: ARM v7 g++ compiler'
arm-none-eabi-g++ -Wall -O0 -g3 -c -fmessage-length=0 -MT"src/main.o" -mcpu=cortex-a9 -mfpu=vfpv3 -mfloat-abi=hard -I../../standalone_bsp_1/ps7_cortexa9_0/include -MMD -MP -MF"src/main.d" -MT"src/main.o" -o "src/main.o" "../src/main.cpp"
../src/main.cpp: In function 'int main(int, char**)':
../src/main.cpp:45:16: warning: unused variable 'processorSW' [-Wunused-variable]
  ConvolutionSW processorSW;
                ^~~~~~~~~~~
../src/main.cpp:47:19: warning: unused variable 'hough' [-Wunused-variable]
  HoughTransformSW hough;
                   ^~~~~
'Finished building: ../src/main.cpp'
' '
'Building target: miniproject.elf'
'Invoking: ARM v7 g++ linker'
arm-none-eabi-g++ -mcpu=cortex-a9 -mfpu=vfpv3 -mfloat-abi=hard -Wl,-build-id=none -specs=Xilinx.spec -Wl,-T -Wl,../src/lscript.ld -L../../standalone_bsp_1/ps7_cortexa9_0/lib -o "miniproject.elf"  ./src/SDCard/FileSDCard.o ./src/SDCard/TestFileSDCard.o  ./src/main.o   -Wl,--start-group,-lxil,-lgcc,-lc,-lstdc++,--end-group -Wl,--start-group,-lxilffs,-lxil,-lgcc,-lc,--end-group
'Finished building target: miniproject.elf'
' '
'Invoking: ARM v7 Print Size'
arm-none-eabi-size miniproject.elf  |tee "miniproject.elf.size"
   text	   data	    bss	    dec	    hex	filename
 823615	   2956	 211232	1037803	  fd5eb	miniproject.elf
'Finished building: miniproject.elf.size'
' '
16:01:34 **** Auto Build of configuration Debug for project miniproject ****
make pre-build main-build 
a9-linaro-pre-build-step
' '
'Building file: ../src/main.cpp'
'Invoking: ARM v7 g++ compiler'
arm-none-eabi-g++ -Wall -O0 -g3 -c -fmessage-length=0 -MT"src/main.o" -mcpu=cortex-a9 -mfpu=vfpv3 -mfloat-abi=hard -I../../standalone_bsp_1/ps7_cortexa9_0/include -MMD -MP -MF"src/main.d" -MT"src/main.o" -o "src/main.o" "../src/main.cpp"
../src/main.cpp: In function 'int main(int, char**)':
../src/main.cpp:45:16: warning: unused variable 'processorSW' [-Wunused-variable]
  ConvolutionSW processorSW;
                ^~~~~~~~~~~
../src/main.cpp:47:19: warning: unused variable 'hough' [-Wunused-variable]
  HoughTransformSW hough;
                   ^~~~~
'Finished building: ../src/main.cpp'
' '
'Building target: miniproject.elf'
'Invoking: ARM v7 g++ linker'
arm-none-eabi-g++ -mcpu=cortex-a9 -mfpu=vfpv3 -mfloat-abi=hard -Wl,-build-id=none -specs=Xilinx.spec -Wl,-T -Wl,../src/lscript.ld -L../../standalone_bsp_1/ps7_cortexa9_0/lib -o "miniproject.elf"  ./src/SDCard/FileSDCard.o ./src/SDCard/TestFileSDCard.o  ./src/main.o   -Wl,--start-group,-lxil,-lgcc,-lc,-lstdc++,--end-group -Wl,--start-group,-lxilffs,-lxil,-lgcc,-lc,--end-group
'Finished building target: miniproject.elf'
' '
'Invoking: ARM v7 Print Size'
arm-none-eabi-size miniproject.elf  |tee "miniproject.elf.size"
   text	   data	    bss	    dec	    hex	filename
 823743	   2956	 211232	1037931	  fd66b	miniproject.elf
'Finished building: miniproject.elf.size'
' '
16:01:45 **** Incremental Build of configuration Debug for project miniproject ****
make pre-build main-build 
a9-linaro-pre-build-step
' '
make: Ingenting at gøre for 'main-build'.
16:01:45 **** Incremental Build of configuration Debug for project standalone_bsp_1_xscutimer_polled_example_1 ****
make pre-build main-build 
a9-linaro-pre-build-step
' '
make: Ingenting at gøre for 'main-build'.
