

================================================================
== Vivado HLS Report for 'convolveMedium'
================================================================
* Date:           Wed Dec 19 12:35:55 2018

* Version:        2017.2 (Build 1909853 on Thu Jun 15 18:55:24 MDT 2017)
* Project:        convolutionMedium.prj
* Solution:       solution1
* Product family: zynq
* Target device:  xc7z010clg400-1


================================================================
== Performance Estimates
================================================================
+ Timing (ns): 
    * Summary: 
    +--------+-------+----------+------------+
    |  Clock | Target| Estimated| Uncertainty|
    +--------+-------+----------+------------+
    |ap_clk  |   8.00|      6.38|        1.00|
    +--------+-------+----------+------------+

+ Latency (clock cycles): 
    * Summary: 
    +---------+---------+---------+---------+---------+
    |      Latency      |      Interval     | Pipeline|
    |   min   |   max   |   min   |   max   |   Type  |
    +---------+---------+---------+---------+---------+
    |  2839213|  2839213|  2839214|  2839214|   none  |
    +---------+---------+---------+---------+---------+

    + Detail: 
        * Instance: 
        N/A

        * Loop: 
        +--------------+---------+---------+----------+-----------+-----------+------+----------+
        |              |      Latency      | Iteration|  Initiation Interval  | Trip |          |
        |   Loop Name  |   min   |   max   |  Latency |  achieved |   target  | Count| Pipelined|
        +--------------+---------+---------+----------+-----------+-----------+------+----------+
        |- Loop 1      |  2839212|  2839212|     11178|          -|          -|   254|    no    |
        | + imgRows    |    11176|    11176|        44|          -|          -|   254|    no    |
        |  ++ kCols    |       42|       42|        14|          -|          -|     3|    no    |
        |   +++ kRows  |       12|       12|         4|          -|          -|     3|    no    |
        +--------------+---------+---------+----------+-----------+-----------+------+----------+



================================================================
== Utilization Estimates
================================================================
* Summary: 
+-----------------+---------+-------+-------+-------+
|       Name      | BRAM_18K| DSP48E|   FF  |  LUT  |
+-----------------+---------+-------+-------+-------+
|DSP              |        -|      1|      -|      -|
|Expression       |        -|      -|    160|    110|
|FIFO             |        -|      -|      -|      -|
|Instance         |      130|      -|    276|    250|
|Memory           |        -|      -|      -|      -|
|Multiplexer      |        -|      -|      -|    104|
|Register         |        -|      -|    126|      -|
+-----------------+---------+-------+-------+-------+
|Total            |      130|      1|    562|    464|
+-----------------+---------+-------+-------+-------+
|Available        |      120|     80|  35200|  17600|
+-----------------+---------+-------+-------+-------+
|Utilization (%)  |      108|      1|      1|      2|
+-----------------+---------+-------+-------+-------+

+ Detail: 
    * Instance: 
    +------------------------------+----------------------------+---------+-------+-----+-----+
    |           Instance           |           Module           | BRAM_18K| DSP48E|  FF | LUT |
    +------------------------------+----------------------------+---------+-------+-----+-----+
    |convolveMedium_convm_s_axi_U  |convolveMedium_convm_s_axi  |      130|      0|  276|  250|
    +------------------------------+----------------------------+---------+-------+-----+-----+
    |Total                         |                            |      130|      0|  276|  250|
    +------------------------------+----------------------------+---------+-------+-----+-----+

    * DSP48: 
    +-------------------------+----------------------+--------------+
    |         Instance        |        Module        |  Expression  |
    +-------------------------+----------------------+--------------+
    |convolveMedium_mabkb_U0  |convolveMedium_mabkb  | i0 + i1 * i2 |
    +-------------------------+----------------------+--------------+

    * Memory: 
    N/A

    * FIFO: 
    N/A

    * Expression: 
    +----------------------+----------+-------+----+----+------------+------------+
    |     Variable Name    | Operation| DSP48E| FF | LUT| Bitwidth P0| Bitwidth P1|
    +----------------------+----------+-------+----+----+------------+------------+
    |c_1_fu_236_p2         |     +    |      0|  29|  13|           8|           1|
    |col_offset_fu_230_p2  |     +    |      0|  29|  13|           8|           8|
    |kc_1_fu_214_p2        |     +    |      0|  11|   8|           2|           1|
    |kr_1_fu_280_p2        |     +    |      0|  11|   8|           2|           1|
    |r_fu_198_p2           |     +    |      0|  29|  13|           8|           1|
    |sum1_fu_296_p2        |     +    |      0|  29|  13|           8|           8|
    |tmp1_fu_286_p2        |     +    |      0|  11|   8|           2|           2|
    |tmp_10_fu_264_p2      |     +    |      0|   0|   8|           5|           5|
    |tmp_fu_220_p2         |     +    |      0|  11|   8|           2|           2|
    |tmp_s_fu_258_p2       |     -    |      0|   0|   8|           5|           5|
    |exitcond9_fu_173_p2   |   icmp   |      0|   0|   4|           8|           2|
    |exitcond_fu_192_p2    |   icmp   |      0|   0|   4|           8|           2|
    |tmp_2_fu_208_p2       |   icmp   |      0|   0|   1|           2|           2|
    |tmp_5_fu_274_p2       |   icmp   |      0|   0|   1|           2|           2|
    +----------------------+----------+-------+----+----+------------+------------+
    |Total                 |          |      0| 160| 110|          70|          42|
    +----------------------+----------+-------+----+----+------------+------------+

    * Multiplexer: 
    +---------------+----+-----------+-----+-----------+
    |      Name     | LUT| Input Size| Bits| Total Bits|
    +---------------+----+-----------+-----+-----------+
    |ap_NS_fsm      |  50|          9|    1|          9|
    |c_reg_114      |   9|          2|    8|         16|
    |kc_reg_139     |   9|          2|    2|          4|
    |kr_reg_162     |   9|          2|    2|          4|
    |r1_reg_102     |   9|          2|    8|         16|
    |sum_1_reg_150  |   9|          2|   16|         32|
    |sum_reg_126    |   9|          2|   16|         32|
    +---------------+----+-----------+-----+-----------+
    |Total          | 104|         21|   53|        113|
    +---------------+----+-----------+-----+-----------+

    * Register: 
    +-----------------------+----+----+-----+-----------+
    |          Name         | FF | LUT| Bits| Const Bits|
    +-----------------------+----+----+-----+-----------+
    |ap_CS_fsm              |   8|   0|    8|          0|
    |c_reg_114              |   8|   0|    8|          0|
    |col_offset_reg_352     |   8|   0|    8|          0|
    |in_load_reg_385        |  16|   0|   16|          0|
    |kc_1_reg_347           |   2|   0|    2|          0|
    |kc_cast3_cast_reg_339  |   2|   0|    5|          3|
    |kc_reg_139             |   2|   0|    2|          0|
    |kr_1_reg_370           |   2|   0|    2|          0|
    |kr_reg_162             |   2|   0|    2|          0|
    |krnl_addr_reg_362      |   4|   0|    4|          0|
    |krnl_load_reg_390      |   8|   0|    8|          0|
    |out_addr_reg_326       |  16|   0|   16|          0|
    |r1_reg_102             |   8|   0|    8|          0|
    |sum1_reg_375           |   8|   0|    8|          0|
    |sum_1_reg_150          |  16|   0|   16|          0|
    |sum_reg_126            |  16|   0|   16|          0|
    +-----------------------+----+----+-----+-----------+
    |Total                  | 126|   0|  129|          3|
    +-----------------------+----+----+-----+-----------+



================================================================
== Interface
================================================================
* Summary: 
+---------------------+-----+-----+------------+----------------+--------------+
|      RTL Ports      | Dir | Bits|  Protocol  |  Source Object |    C Type    |
+---------------------+-----+-----+------------+----------------+--------------+
|s_axi_convm_AWVALID  |  in |    1|    s_axi   |      convm     |     array    |
|s_axi_convm_AWREADY  | out |    1|    s_axi   |      convm     |     array    |
|s_axi_convm_AWADDR   |  in |   19|    s_axi   |      convm     |     array    |
|s_axi_convm_WVALID   |  in |    1|    s_axi   |      convm     |     array    |
|s_axi_convm_WREADY   | out |    1|    s_axi   |      convm     |     array    |
|s_axi_convm_WDATA    |  in |   32|    s_axi   |      convm     |     array    |
|s_axi_convm_WSTRB    |  in |    4|    s_axi   |      convm     |     array    |
|s_axi_convm_ARVALID  |  in |    1|    s_axi   |      convm     |     array    |
|s_axi_convm_ARREADY  | out |    1|    s_axi   |      convm     |     array    |
|s_axi_convm_ARADDR   |  in |   19|    s_axi   |      convm     |     array    |
|s_axi_convm_RVALID   | out |    1|    s_axi   |      convm     |     array    |
|s_axi_convm_RREADY   |  in |    1|    s_axi   |      convm     |     array    |
|s_axi_convm_RDATA    | out |   32|    s_axi   |      convm     |     array    |
|s_axi_convm_RRESP    | out |    2|    s_axi   |      convm     |     array    |
|s_axi_convm_BVALID   | out |    1|    s_axi   |      convm     |     array    |
|s_axi_convm_BREADY   |  in |    1|    s_axi   |      convm     |     array    |
|s_axi_convm_BRESP    | out |    2|    s_axi   |      convm     |     array    |
|ap_clk               |  in |    1| ap_ctrl_hs | convolveMedium | return value |
|ap_rst_n             |  in |    1| ap_ctrl_hs | convolveMedium | return value |
|interrupt            | out |    1| ap_ctrl_hs | convolveMedium | return value |
+---------------------+-----+-----+------------+----------------+--------------+

