

================================================================
== Vivado HLS Report for 'convolve'
================================================================
* Date:           Tue Dec 18 16:13:04 2018

* Version:        2017.2 (Build 1909853 on Thu Jun 15 18:55:24 MDT 2017)
* Project:        convolution.prj
* Solution:       solution4
* Product family: zynq
* Target device:  xc7z010clg400-1


================================================================
== Performance Estimates
================================================================
+ Timing (ns): 
    * Summary: 
    +--------+-------+----------+------------+
    |  Clock | Target| Estimated| Uncertainty|
    +--------+-------+----------+------------+
    |ap_clk  |   8.00|      8.58|        1.00|
    +--------+-------+----------+------------+

+ Latency (clock cycles): 
    * Summary: 
    +-------+--------+-------+--------+---------+
    |     Latency    |    Interval    | Pipeline|
    |  min  |   max  |  min  |   max  |   Type  |
    +-------+--------+-------+--------+---------+
    |  68065|  461089|  68066|  461090|   none  |
    +-------+--------+-------+--------+---------+

    + Detail: 
        * Instance: 
        +----------------------------------+----------------------+-----+-----+-----+-----+---------+
        |                                  |                      |  Latency  |  Interval | Pipeline|
        |             Instance             |        Module        | min | max | min | max |   Type  |
        +----------------------------------+----------------------+-----+-----+-----+-----+---------+
        |grp_p_hls_fptosi_float_i_fu_8864  |p_hls_fptosi_float_i  |    2|    2|    2|    2|   none  |
        +----------------------------------+----------------------+-----+-----+-----+-----+---------+

        * Loop: 
        +--------------------+-------+--------+-------------+-----------+-----------+-------+----------+
        |                    |     Latency    |  Iteration  |  Initiation Interval  |  Trip |          |
        |      Loop Name     |  min  |   max  |   Latency   |  achieved |   target  | Count | Pipelined|
        +--------------------+-------+--------+-------------+-----------+-----------+-------+----------+
        |- Loop 1            |  68064|  461088| 1418 ~ 9606 |          -|          -|     48|    no    |
        | + convolve_label2  |   1415|    9603|         1415|          -|          -| 1 ~ 6 |    no    |
        +--------------------+-------+--------+-------------+-----------+-----------+-------+----------+



================================================================
== Utilization Estimates
================================================================
* Summary: 
+-----------------+---------+-------+-------+-------+
|       Name      | BRAM_18K| DSP48E|   FF  |  LUT  |
+-----------------+---------+-------+-------+-------+
|DSP              |        -|      -|      -|      -|
|Expression       |        -|      -|    276|    162|
|FIFO             |        -|      -|      -|      -|
|Instance         |      202|     20|  35686|  19433|
|Memory           |        -|      -|      -|      -|
|Multiplexer      |        -|      -|      -|   9818|
|Register         |        -|      -|   4365|      -|
+-----------------+---------+-------+-------+-------+
|Total            |      202|     20|  40327|  29413|
+-----------------+---------+-------+-------+-------+
|Available        |      120|     80|  35200|  17600|
+-----------------+---------+-------+-------+-------+
|Utilization (%)  |      168|     25|    114|    167|
+-----------------+---------+-------+-------+-------+

+ Detail: 
    * Instance: 
    +----------------------------------+----------------------+---------+-------+------+------+
    |             Instance             |        Module        | BRAM_18K| DSP48E|  FF  |  LUT |
    +----------------------------------+----------------------+---------+-------+------+------+
    |convolve_conv_s_axi_U             |convolve_conv_s_axi   |      202|      0|  8116|  7110|
    |convolve_fadd_32nbkb_U1           |convolve_fadd_32nbkb  |        0|      2|   306|   418|
    |convolve_fmul_32ncud_U2           |convolve_fmul_32ncud  |        0|      3|   143|   321|
    |convolve_fmul_32ncud_U3           |convolve_fmul_32ncud  |        0|      3|   143|   321|
    |convolve_fmul_32ncud_U4           |convolve_fmul_32ncud  |        0|      3|   143|   321|
    |convolve_fmul_32ncud_U5           |convolve_fmul_32ncud  |        0|      3|   143|   321|
    |convolve_fmul_32ncud_U6           |convolve_fmul_32ncud  |        0|      3|   143|   321|
    |convolve_fmul_32ncud_U7           |convolve_fmul_32ncud  |        0|      3|   143|   321|
    |convolve_mux_506_eOg_U14          |convolve_mux_506_eOg  |        0|      0|   826|   217|
    |convolve_mux_506_eOg_U15          |convolve_mux_506_eOg  |        0|      0|   826|   217|
    |convolve_mux_506_eOg_U16          |convolve_mux_506_eOg  |        0|      0|   826|   217|
    |convolve_mux_506_eOg_U17          |convolve_mux_506_eOg  |        0|      0|   826|   217|
    |convolve_mux_506_eOg_U18          |convolve_mux_506_eOg  |        0|      0|   826|   217|
    |convolve_mux_506_eOg_U19          |convolve_mux_506_eOg  |        0|      0|   826|   217|
    |convolve_mux_506_eOg_U20          |convolve_mux_506_eOg  |        0|      0|   826|   217|
    |convolve_mux_506_eOg_U21          |convolve_mux_506_eOg  |        0|      0|   826|   217|
    |convolve_mux_506_eOg_U22          |convolve_mux_506_eOg  |        0|      0|   826|   217|
    |convolve_mux_506_eOg_U23          |convolve_mux_506_eOg  |        0|      0|   826|   217|
    |convolve_mux_506_eOg_U24          |convolve_mux_506_eOg  |        0|      0|   826|   217|
    |convolve_mux_506_eOg_U25          |convolve_mux_506_eOg  |        0|      0|   826|   217|
    |convolve_mux_506_eOg_U26          |convolve_mux_506_eOg  |        0|      0|   826|   217|
    |convolve_mux_506_eOg_U27          |convolve_mux_506_eOg  |        0|      0|   826|   217|
    |convolve_mux_506_eOg_U28          |convolve_mux_506_eOg  |        0|      0|   826|   217|
    |convolve_mux_506_eOg_U29          |convolve_mux_506_eOg  |        0|      0|   826|   217|
    |convolve_mux_506_eOg_U30          |convolve_mux_506_eOg  |        0|      0|   826|   217|
    |convolve_mux_506_eOg_U31          |convolve_mux_506_eOg  |        0|      0|   826|   217|
    |convolve_mux_506_eOg_U32          |convolve_mux_506_eOg  |        0|      0|   826|   217|
    |convolve_mux_506_eOg_U33          |convolve_mux_506_eOg  |        0|      0|   826|   217|
    |convolve_mux_506_eOg_U34          |convolve_mux_506_eOg  |        0|      0|   826|   217|
    |convolve_mux_506_eOg_U35          |convolve_mux_506_eOg  |        0|      0|   826|   217|
    |convolve_mux_506_eOg_U36          |convolve_mux_506_eOg  |        0|      0|   826|   217|
    |convolve_mux_506_eOg_U37          |convolve_mux_506_eOg  |        0|      0|   826|   217|
    |convolve_mux_506_eOg_U38          |convolve_mux_506_eOg  |        0|      0|   826|   217|
    |convolve_mux_506_eOg_U39          |convolve_mux_506_eOg  |        0|      0|   826|   217|
    |convolve_mux_506_eOg_U40          |convolve_mux_506_eOg  |        0|      0|   826|   217|
    |convolve_mux_506_eOg_U41          |convolve_mux_506_eOg  |        0|      0|   826|   217|
    |convolve_mux_506_eOg_U42          |convolve_mux_506_eOg  |        0|      0|   826|   217|
    |convolve_sitofp_3dEe_U8           |convolve_sitofp_3dEe  |        0|      0|   340|   554|
    |convolve_sitofp_3dEe_U9           |convolve_sitofp_3dEe  |        0|      0|   340|   554|
    |convolve_sitofp_3dEe_U10          |convolve_sitofp_3dEe  |        0|      0|   340|   554|
    |convolve_sitofp_3dEe_U11          |convolve_sitofp_3dEe  |        0|      0|   340|   554|
    |convolve_sitofp_3dEe_U12          |convolve_sitofp_3dEe  |        0|      0|   340|   554|
    |convolve_sitofp_3dEe_U13          |convolve_sitofp_3dEe  |        0|      0|   340|   554|
    |grp_p_hls_fptosi_float_i_fu_8864  |p_hls_fptosi_float_i  |        0|      0|   412|   362|
    +----------------------------------+----------------------+---------+-------+------+------+
    |Total                             |                      |      202|     20| 35686| 19433|
    +----------------------------------+----------------------+---------+-------+------+------+

    * DSP48: 
    N/A

    * Memory: 
    N/A

    * FIFO: 
    N/A

    * Expression: 
    +----------------------------+----------+-------+----+----+------------+------------+
    |        Variable Name       | Operation| DSP48E| FF | LUT| Bitwidth P0| Bitwidth P1|
    +----------------------------+----------+-------+----+----+------------+------------+
    |col_offset_0_2_fu_12701_p2  |     +    |      0|  23|  11|           6|           1|
    |col_offset_1_2_fu_12851_p2  |     +    |      0|  23|  11|           6|           2|
    |col_offset_2_2_fu_13001_p2  |     +    |      0|  23|  11|           6|           2|
    |col_offset_3_2_fu_13151_p2  |     +    |      0|  23|  11|           6|           3|
    |col_offset_4_2_fu_13301_p2  |     +    |      0|  23|  11|           6|           3|
    |col_offset_5_2_fu_13451_p2  |     +    |      0|  23|  11|           6|           3|
    |col_offset_6_2_fu_13601_p2  |     +    |      0|  23|  11|           6|           3|
    |col_offset_7_2_fu_13751_p2  |     +    |      0|  23|  11|           6|           4|
    |col_offset_8_2_fu_13846_p2  |     +    |      0|  23|  11|           6|           4|
    |r_fu_12570_p2               |     +    |      0|  23|  11|           6|           1|
    |tmp_1_fu_12586_p2           |     +    |      0|  23|  11|           6|           2|
    |tmp_39_0_0_0_t_fu_12564_p2  |     +    |      0|  23|  11|           6|           2|
    |exitcond_fu_12558_p2        |   icmp   |      0|   0|   3|           6|           5|
    |tmp_1_108_fu_12791_p2       |   icmp   |      0|   0|   3|           6|           5|
    |tmp_2_109_fu_12941_p2       |   icmp   |      0|   0|   3|           6|           5|
    |tmp_3_110_fu_13091_p2       |   icmp   |      0|   0|   3|           6|           5|
    |tmp_4_111_fu_13241_p2       |   icmp   |      0|   0|   3|           6|           5|
    |tmp_5_112_fu_13391_p2       |   icmp   |      0|   0|   3|           6|           5|
    |tmp_6_113_fu_13541_p2       |   icmp   |      0|   0|   3|           6|           5|
    |tmp_7_114_fu_13691_p2       |   icmp   |      0|   0|   3|           6|           5|
    |tmp_8_115_fu_13841_p2       |   icmp   |      0|   0|   3|           6|           5|
    |tmp_s_fu_12580_p2           |   icmp   |      0|   0|   3|           6|           5|
    +----------------------------+----------+-------+----+----+------------+------------+
    |Total                       |          |      0| 276| 162|         132|          80|
    +----------------------------+----------+-------+----+----+------------+------------+

    * Multiplexer: 
    +-----------------+------+-----------+-----+-----------+
    |       Name      |  LUT | Input Size| Bits| Total Bits|
    +-----------------+------+-----------+-----+-----------+
    |ap_NS_fsm        |  2693|       1257|    1|       1257|
    |c_reg_8852       |     9|          2|    6|         12|
    |grp_fu_8919_p0   |    15|          3|   32|         96|
    |grp_fu_8919_p1   |    60|         11|   32|        352|
    |grp_fu_8924_p0   |    15|          3|   32|         96|
    |grp_fu_8924_p1   |    55|         10|   32|        320|
    |grp_fu_8928_p0   |    15|          3|   32|         96|
    |grp_fu_8928_p1   |    15|          3|   32|         96|
    |grp_fu_8932_p0   |    15|          3|   32|         96|
    |grp_fu_8932_p1   |    15|          3|   32|         96|
    |grp_fu_8948_p0   |   817|        147|   32|       4704|
    |grp_fu_8951_p0   |    15|          3|   32|         96|
    |grp_fu_8954_p0   |    15|          3|   32|         96|
    |in_0_address0    |    65|         12|    6|         72|
    |in_10_address0   |    65|         12|    6|         72|
    |in_11_address0   |    65|         12|    6|         72|
    |in_12_address0   |    65|         12|    6|         72|
    |in_13_address0   |    65|         12|    6|         72|
    |in_14_address0   |    65|         12|    6|         72|
    |in_15_address0   |    65|         12|    6|         72|
    |in_16_address0   |    65|         12|    6|         72|
    |in_17_address0   |    65|         12|    6|         72|
    |in_18_address0   |    65|         12|    6|         72|
    |in_19_address0   |    65|         12|    6|         72|
    |in_1_address0    |    65|         12|    6|         72|
    |in_20_address0   |    65|         12|    6|         72|
    |in_21_address0   |    65|         12|    6|         72|
    |in_22_address0   |    65|         12|    6|         72|
    |in_23_address0   |    65|         12|    6|         72|
    |in_24_address0   |    65|         12|    6|         72|
    |in_25_address0   |    65|         12|    6|         72|
    |in_26_address0   |    65|         12|    6|         72|
    |in_27_address0   |    65|         12|    6|         72|
    |in_28_address0   |    65|         12|    6|         72|
    |in_29_address0   |    65|         12|    6|         72|
    |in_2_address0    |    65|         12|    6|         72|
    |in_30_address0   |    65|         12|    6|         72|
    |in_31_address0   |    65|         12|    6|         72|
    |in_32_address0   |    65|         12|    6|         72|
    |in_33_address0   |    65|         12|    6|         72|
    |in_34_address0   |    65|         12|    6|         72|
    |in_35_address0   |    65|         12|    6|         72|
    |in_36_address0   |    65|         12|    6|         72|
    |in_37_address0   |    65|         12|    6|         72|
    |in_38_address0   |    65|         12|    6|         72|
    |in_39_address0   |    65|         12|    6|         72|
    |in_3_address0    |    65|         12|    6|         72|
    |in_40_address0   |    65|         12|    6|         72|
    |in_41_address0   |    65|         12|    6|         72|
    |in_42_address0   |    65|         12|    6|         72|
    |in_43_address0   |    65|         12|    6|         72|
    |in_44_address0   |    65|         12|    6|         72|
    |in_45_address0   |    65|         12|    6|         72|
    |in_46_address0   |    65|         12|    6|         72|
    |in_47_address0   |    65|         12|    6|         72|
    |in_48_address0   |    65|         12|    6|         72|
    |in_49_address0   |    65|         12|    6|         72|
    |in_4_address0    |    65|         12|    6|         72|
    |in_5_address0    |    65|         12|    6|         72|
    |in_6_address0    |    65|         12|    6|         72|
    |in_7_address0    |    65|         12|    6|         72|
    |in_8_address0    |    65|         12|    6|         72|
    |in_9_address0    |    65|         12|    6|         72|
    |krnl_address0    |    55|         10|    4|         40|
    |out_0_address0   |    55|         10|    6|         60|
    |out_10_address0  |    55|         10|    6|         60|
    |out_11_address0  |    55|         10|    6|         60|
    |out_12_address0  |    55|         10|    6|         60|
    |out_13_address0  |    55|         10|    6|         60|
    |out_14_address0  |    55|         10|    6|         60|
    |out_15_address0  |    55|         10|    6|         60|
    |out_16_address0  |    55|         10|    6|         60|
    |out_17_address0  |    55|         10|    6|         60|
    |out_18_address0  |    55|         10|    6|         60|
    |out_19_address0  |    55|         10|    6|         60|
    |out_1_address0   |    55|         10|    6|         60|
    |out_20_address0  |    55|         10|    6|         60|
    |out_21_address0  |    55|         10|    6|         60|
    |out_22_address0  |    55|         10|    6|         60|
    |out_23_address0  |    55|         10|    6|         60|
    |out_24_address0  |    55|         10|    6|         60|
    |out_25_address0  |    55|         10|    6|         60|
    |out_26_address0  |    55|         10|    6|         60|
    |out_27_address0  |    55|         10|    6|         60|
    |out_28_address0  |    55|         10|    6|         60|
    |out_29_address0  |    55|         10|    6|         60|
    |out_2_address0   |    55|         10|    6|         60|
    |out_30_address0  |    55|         10|    6|         60|
    |out_31_address0  |    55|         10|    6|         60|
    |out_32_address0  |    55|         10|    6|         60|
    |out_33_address0  |    55|         10|    6|         60|
    |out_34_address0  |    55|         10|    6|         60|
    |out_35_address0  |    55|         10|    6|         60|
    |out_36_address0  |    55|         10|    6|         60|
    |out_37_address0  |    55|         10|    6|         60|
    |out_38_address0  |    55|         10|    6|         60|
    |out_39_address0  |    55|         10|    6|         60|
    |out_3_address0   |    55|         10|    6|         60|
    |out_40_address0  |    55|         10|    6|         60|
    |out_41_address0  |    55|         10|    6|         60|
    |out_42_address0  |    55|         10|    6|         60|
    |out_43_address0  |    55|         10|    6|         60|
    |out_44_address0  |    55|         10|    6|         60|
    |out_45_address0  |    55|         10|    6|         60|
    |out_46_address0  |    55|         10|    6|         60|
    |out_47_address0  |    55|         10|    6|         60|
    |out_48_address0  |    55|         10|    6|         60|
    |out_49_address0  |    55|         10|    6|         60|
    |out_4_address0   |    55|         10|    6|         60|
    |out_5_address0   |    55|         10|    6|         60|
    |out_6_address0   |    55|         10|    6|         60|
    |out_7_address0   |    55|         10|    6|         60|
    |out_8_address0   |    55|         10|    6|         60|
    |out_9_address0   |    55|         10|    6|         60|
    |r1_reg_8840      |     9|          2|    6|         12|
    +-----------------+------+-----------+-----+-----------+
    |Total            |  9818|       2563|  969|      14065|
    +-----------------+------+-----------+-----+-----------+

    * Register: 
    +--------------------------------------------------+------+----+------+-----------+
    |                       Name                       |  FF  | LUT| Bits | Const Bits|
    +--------------------------------------------------+------+----+------+-----------+
    |ap_CS_fsm                                         |  1256|   0|  1256|          0|
    |ap_reg_grp_p_hls_fptosi_float_i_fu_8864_ap_start  |     1|   0|     1|          0|
    |c_cast_reg_14067                                  |     6|   0|    32|         26|
    |c_reg_8852                                        |     6|   0|     6|          0|
    |col_offset_0_2_cast_reg_14769                     |     6|   0|    32|         26|
    |col_offset_0_2_reg_14764                          |     6|   0|     6|          0|
    |col_offset_1_2_cast_reg_15183                     |     6|   0|    32|         26|
    |col_offset_1_2_reg_15178                          |     6|   0|     6|          0|
    |col_offset_2_2_cast_reg_15580                     |     6|   0|    32|         26|
    |col_offset_2_2_reg_15575                          |     6|   0|     6|          0|
    |col_offset_3_2_cast_reg_15977                     |     6|   0|    32|         26|
    |col_offset_3_2_reg_15972                          |     6|   0|     6|          0|
    |col_offset_4_2_cast_reg_16374                     |     6|   0|    32|         26|
    |col_offset_4_2_reg_16369                          |     6|   0|     6|          0|
    |col_offset_5_2_cast_reg_16771                     |     6|   0|    32|         26|
    |col_offset_5_2_reg_16766                          |     6|   0|     6|          0|
    |col_offset_6_2_cast_reg_17168                     |     6|   0|    32|         26|
    |col_offset_6_2_reg_17163                          |     6|   0|     6|          0|
    |col_offset_7_2_cast_reg_17565                     |     6|   0|    32|         26|
    |col_offset_7_2_reg_17560                          |     6|   0|     6|          0|
    |col_offset_8_2_reg_17902                          |     6|   0|     6|          0|
    |krnl_load_1_reg_14444                             |    32|   0|    32|          0|
    |krnl_load_2_reg_14460                             |    32|   0|    32|          0|
    |krnl_load_3_reg_14726                             |    32|   0|    32|          0|
    |krnl_load_4_reg_14742                             |    32|   0|    32|          0|
    |krnl_load_5_reg_14758                             |    32|   0|    32|          0|
    |krnl_load_6_reg_15083                             |    32|   0|    32|          0|
    |krnl_load_7_reg_15098                             |    32|   0|    32|          0|
    |krnl_load_8_reg_15114                             |    32|   0|    32|          0|
    |krnl_load_reg_14429                               |    32|   0|    32|          0|
    |r1_reg_8840                                       |     6|   0|     6|          0|
    |r_reg_14052                                       |     6|   0|     6|          0|
    |reg_10666                                         |    16|   0|    16|          0|
    |reg_10670                                         |    16|   0|    16|          0|
    |reg_10674                                         |    16|   0|    16|          0|
    |reg_10678                                         |    32|   0|    32|          0|
    |reg_10684                                         |    32|   0|    32|          0|
    |reg_10690                                         |    32|   0|    32|          0|
    |reg_10695                                         |    16|   0|    16|          0|
    |reg_10699                                         |    16|   0|    16|          0|
    |reg_10716                                         |    16|   0|    16|          0|
    |reg_10733                                         |    16|   0|    16|          0|
    |reg_10750                                         |    16|   0|    16|          0|
    |reg_10767                                         |    16|   0|    16|          0|
    |reg_10784                                         |    16|   0|    16|          0|
    |reg_10801                                         |    16|   0|    16|          0|
    |reg_10818                                         |    16|   0|    16|          0|
    |reg_10835                                         |    16|   0|    16|          0|
    |reg_10852                                         |    16|   0|    16|          0|
    |reg_10869                                         |    16|   0|    16|          0|
    |reg_10886                                         |    16|   0|    16|          0|
    |reg_10903                                         |    16|   0|    16|          0|
    |reg_10920                                         |    16|   0|    16|          0|
    |reg_10937                                         |    16|   0|    16|          0|
    |reg_10954                                         |    16|   0|    16|          0|
    |reg_10971                                         |    16|   0|    16|          0|
    |reg_10988                                         |    16|   0|    16|          0|
    |reg_11005                                         |    16|   0|    16|          0|
    |reg_11022                                         |    16|   0|    16|          0|
    |reg_11039                                         |    16|   0|    16|          0|
    |reg_11056                                         |    16|   0|    16|          0|
    |reg_11073                                         |    16|   0|    16|          0|
    |reg_11090                                         |    16|   0|    16|          0|
    |reg_11107                                         |    16|   0|    16|          0|
    |reg_11124                                         |    16|   0|    16|          0|
    |reg_11141                                         |    16|   0|    16|          0|
    |reg_11158                                         |    16|   0|    16|          0|
    |reg_11175                                         |    16|   0|    16|          0|
    |reg_11192                                         |    16|   0|    16|          0|
    |reg_11209                                         |    16|   0|    16|          0|
    |reg_11226                                         |    16|   0|    16|          0|
    |reg_11243                                         |    16|   0|    16|          0|
    |reg_11260                                         |    16|   0|    16|          0|
    |reg_11277                                         |    16|   0|    16|          0|
    |reg_11294                                         |    16|   0|    16|          0|
    |reg_11311                                         |    16|   0|    16|          0|
    |reg_11328                                         |    16|   0|    16|          0|
    |reg_11345                                         |    16|   0|    16|          0|
    |reg_11362                                         |    16|   0|    16|          0|
    |reg_11379                                         |    16|   0|    16|          0|
    |reg_11396                                         |    16|   0|    16|          0|
    |reg_11413                                         |    16|   0|    16|          0|
    |reg_11430                                         |    16|   0|    16|          0|
    |reg_11447                                         |    16|   0|    16|          0|
    |reg_11464                                         |    16|   0|    16|          0|
    |reg_11481                                         |    16|   0|    16|          0|
    |reg_11498                                         |    16|   0|    16|          0|
    |reg_11515                                         |    16|   0|    16|          0|
    |reg_11532                                         |    16|   0|    16|          0|
    |reg_11549                                         |    16|   0|    16|          0|
    |reg_11553                                         |    16|   0|    16|          0|
    |reg_11557                                         |    16|   0|    16|          0|
    |reg_11573                                         |    16|   0|    16|          0|
    |reg_11589                                         |    16|   0|    16|          0|
    |reg_11605                                         |    16|   0|    16|          0|
    |reg_11621                                         |    16|   0|    16|          0|
    |reg_11637                                         |    16|   0|    16|          0|
    |reg_11653                                         |    16|   0|    16|          0|
    |reg_11669                                         |    16|   0|    16|          0|
    |reg_11685                                         |    16|   0|    16|          0|
    |reg_11701                                         |    16|   0|    16|          0|
    |reg_11717                                         |    16|   0|    16|          0|
    |reg_11733                                         |    16|   0|    16|          0|
    |reg_11749                                         |    16|   0|    16|          0|
    |reg_11765                                         |    16|   0|    16|          0|
    |reg_11781                                         |    16|   0|    16|          0|
    |reg_11797                                         |    16|   0|    16|          0|
    |reg_11813                                         |    16|   0|    16|          0|
    |reg_11829                                         |    16|   0|    16|          0|
    |reg_11845                                         |    16|   0|    16|          0|
    |reg_11861                                         |    16|   0|    16|          0|
    |reg_11877                                         |    16|   0|    16|          0|
    |reg_11893                                         |    16|   0|    16|          0|
    |reg_11909                                         |    16|   0|    16|          0|
    |reg_11925                                         |    16|   0|    16|          0|
    |reg_11941                                         |    16|   0|    16|          0|
    |reg_11957                                         |    16|   0|    16|          0|
    |reg_11973                                         |    16|   0|    16|          0|
    |reg_11989                                         |    16|   0|    16|          0|
    |reg_12005                                         |    16|   0|    16|          0|
    |reg_12021                                         |    16|   0|    16|          0|
    |reg_12037                                         |    16|   0|    16|          0|
    |reg_12053                                         |    16|   0|    16|          0|
    |reg_12069                                         |    16|   0|    16|          0|
    |reg_12085                                         |    16|   0|    16|          0|
    |reg_12101                                         |    16|   0|    16|          0|
    |reg_12117                                         |    16|   0|    16|          0|
    |reg_12133                                         |    16|   0|    16|          0|
    |reg_12149                                         |    16|   0|    16|          0|
    |reg_12165                                         |    16|   0|    16|          0|
    |reg_12181                                         |    16|   0|    16|          0|
    |reg_12197                                         |    16|   0|    16|          0|
    |reg_12213                                         |    16|   0|    16|          0|
    |reg_12229                                         |    16|   0|    16|          0|
    |reg_12245                                         |    16|   0|    16|          0|
    |reg_12261                                         |    16|   0|    16|          0|
    |reg_12277                                         |    16|   0|    16|          0|
    |reg_12293                                         |    16|   0|    16|          0|
    |reg_12309                                         |    16|   0|    16|          0|
    |reg_12325                                         |    16|   0|    16|          0|
    |reg_12341                                         |    16|   0|    16|          0|
    |reg_12357                                         |    16|   0|    16|          0|
    |reg_12361                                         |    16|   0|    16|          0|
    |reg_12365                                         |    16|   0|    16|          0|
    |reg_12369                                         |    16|   0|    16|          0|
    |reg_12373                                         |    16|   0|    16|          0|
    |reg_12377                                         |    16|   0|    16|          0|
    |reg_12381                                         |    16|   0|    16|          0|
    |reg_12385                                         |    16|   0|    16|          0|
    |reg_12389                                         |    16|   0|    16|          0|
    |reg_12393                                         |    16|   0|    16|          0|
    |reg_12397                                         |    16|   0|    16|          0|
    |reg_12401                                         |    16|   0|    16|          0|
    |reg_12405                                         |    16|   0|    16|          0|
    |reg_12409                                         |    16|   0|    16|          0|
    |reg_12413                                         |    16|   0|    16|          0|
    |reg_12417                                         |    16|   0|    16|          0|
    |reg_12421                                         |    16|   0|    16|          0|
    |reg_12425                                         |    16|   0|    16|          0|
    |reg_12429                                         |    16|   0|    16|          0|
    |reg_12433                                         |    16|   0|    16|          0|
    |reg_12437                                         |    16|   0|    16|          0|
    |reg_12441                                         |    16|   0|    16|          0|
    |reg_12445                                         |    16|   0|    16|          0|
    |reg_12554                                         |    16|   0|    16|          0|
    |tmp_39_0_0_0_t_reg_14039                          |     6|   0|     6|          0|
    |tmp_40_8_0_1_reg_18202                            |    32|   0|    32|          0|
    |tmp_40_8_0_2_reg_18207                            |    32|   0|    32|          0|
    |tmp_40_8_1_1_reg_18217                            |    32|   0|    32|          0|
    |tmp_40_8_1_2_reg_18222                            |    32|   0|    32|          0|
    |tmp_40_8_1_reg_18212                              |    32|   0|    32|          0|
    |tmp_40_8_2_1_reg_18232                            |    32|   0|    32|          0|
    |tmp_40_8_2_2_reg_18237                            |    32|   0|    32|          0|
    |tmp_40_8_2_reg_18227                              |    32|   0|    32|          0|
    |tmp_41_8_0_1_reg_18242                            |    32|   0|    32|          0|
    |tmp_41_8_0_2_reg_18247                            |    32|   0|    32|          0|
    |tmp_41_8_1_1_reg_18257                            |    32|   0|    32|          0|
    |tmp_41_8_1_2_reg_18262                            |    32|   0|    32|          0|
    |tmp_41_8_1_reg_18252                              |    32|   0|    32|          0|
    |tmp_41_8_2_1_reg_18272                            |    32|   0|    32|          0|
    |tmp_41_8_2_2_reg_18277                            |    32|   0|    32|          0|
    |tmp_41_8_2_reg_18267                              |    32|   0|    32|          0|
    +--------------------------------------------------+------+----+------+-----------+
    |Total                                             |  4365|   0|  4599|        234|
    +--------------------------------------------------+------+----+------+-----------+



================================================================
== Interface
================================================================
* Summary: 
+--------------------+-----+-----+------------+--------------+--------------+
|      RTL Ports     | Dir | Bits|  Protocol  | Source Object|    C Type    |
+--------------------+-----+-----+------------+--------------+--------------+
|s_axi_conv_AWVALID  |  in |    1|    s_axi   |     conv     |     array    |
|s_axi_conv_AWREADY  | out |    1|    s_axi   |     conv     |     array    |
|s_axi_conv_AWADDR   |  in |   14|    s_axi   |     conv     |     array    |
|s_axi_conv_WVALID   |  in |    1|    s_axi   |     conv     |     array    |
|s_axi_conv_WREADY   | out |    1|    s_axi   |     conv     |     array    |
|s_axi_conv_WDATA    |  in |   32|    s_axi   |     conv     |     array    |
|s_axi_conv_WSTRB    |  in |    4|    s_axi   |     conv     |     array    |
|s_axi_conv_ARVALID  |  in |    1|    s_axi   |     conv     |     array    |
|s_axi_conv_ARREADY  | out |    1|    s_axi   |     conv     |     array    |
|s_axi_conv_ARADDR   |  in |   14|    s_axi   |     conv     |     array    |
|s_axi_conv_RVALID   | out |    1|    s_axi   |     conv     |     array    |
|s_axi_conv_RREADY   |  in |    1|    s_axi   |     conv     |     array    |
|s_axi_conv_RDATA    | out |   32|    s_axi   |     conv     |     array    |
|s_axi_conv_RRESP    | out |    2|    s_axi   |     conv     |     array    |
|s_axi_conv_BVALID   | out |    1|    s_axi   |     conv     |     array    |
|s_axi_conv_BREADY   |  in |    1|    s_axi   |     conv     |     array    |
|s_axi_conv_BRESP    | out |    2|    s_axi   |     conv     |     array    |
|ap_clk              |  in |    1| ap_ctrl_hs |   convolve   | return value |
|ap_rst_n            |  in |    1| ap_ctrl_hs |   convolve   | return value |
|interrupt           | out |    1| ap_ctrl_hs |   convolve   | return value |
+--------------------+-----+-----+------------+--------------+--------------+

