

================================================================
== Vivado HLS Report for 'generic_sincos'
================================================================
* Date:           Tue Dec 18 12:03:35 2018

* Version:        2017.2 (Build 1909853 on Thu Jun 15 18:55:24 MDT 2017)
* Project:        houghTransfrom.prj
* Solution:       solution2
* Product family: zynq
* Target device:  xc7z010clg400-1


================================================================
== Performance Estimates
================================================================
+ Timing (ns): 
    * Summary: 
    +--------+-------+----------+------------+
    |  Clock | Target| Estimated| Uncertainty|
    +--------+-------+----------+------------+
    |ap_clk  |   8.00|      6.98|        1.00|
    +--------+-------+----------+------------+

+ Latency (clock cycles): 
    * Summary: 
    +-----+-----+-----+-----+---------+
    |  Latency  |  Interval | Pipeline|
    | min | max | min | max |   Type  |
    +-----+-----+-----+-----+---------+
    |   36|   36|   36|   36|   none  |
    +-----+-----+-----+-----+---------+

    + Detail: 
        * Instance: 
        N/A

        * Loop: 
        N/A



================================================================
== Utilization Estimates
================================================================
* Summary: 
+-----------------+---------+-------+-------+-------+
|       Name      | BRAM_18K| DSP48E|   FF  |  LUT  |
+-----------------+---------+-------+-------+-------+
|DSP              |        -|      -|      -|      -|
|Expression       |        -|      -|   4655|   5881|
|FIFO             |        -|      -|      -|      -|
|Instance         |        -|    113|   4856|   1873|
|Memory           |        8|      -|    426|    852|
|Multiplexer      |        -|      -|      -|    169|
|Register         |        -|      -|   3528|      -|
+-----------------+---------+-------+-------+-------+
|Total            |        8|    113|  13465|   8775|
+-----------------+---------+-------+-------+-------+
|Available        |      120|     80|  35200|  17600|
+-----------------+---------+-------+-------+-------+
|Utilization (%)  |        6|    141|     38|     49|
+-----------------+---------+-------+-------+-------+

+ Detail: 
    * Instance: 
    +--------------------------+----------------------+---------+-------+-----+-----+
    |         Instance         |        Module        | BRAM_18K| DSP48E|  FF | LUT |
    +--------------------------+----------------------+---------+-------+-----+-----+
    |houghTransform_muncg_U4   |houghTransform_muncg  |        0|     16|  441|  256|
    |houghTransform_muocq_U5   |houghTransform_muocq  |        0|      0|  278|   65|
    |houghTransform_muocq_U6   |houghTransform_muocq  |        0|      0|  278|   65|
    |houghTransform_mupcA_U7   |houghTransform_mupcA  |        0|      0|  278|   65|
    |houghTransform_muqcK_U8   |houghTransform_muqcK  |        0|      9|  334|   84|
    |houghTransform_muqcK_U9   |houghTransform_muqcK  |        0|      9|  334|   84|
    |houghTransform_muqcK_U10  |houghTransform_muqcK  |        0|      9|  334|   84|
    |houghTransform_murcU_U11  |houghTransform_murcU  |        0|      9|  334|   84|
    |houghTransform_musc4_U12  |houghTransform_musc4  |        0|      9|  345|  218|
    |houghTransform_mutde_U13  |houghTransform_mutde  |        0|      9|  334|   84|
    |houghTransform_muudo_U14  |houghTransform_muudo  |        0|      9|  345|  218|
    |houghTransform_muvdy_U15  |houghTransform_muvdy  |        0|      5|  205|   88|
    |houghTransform_muwdI_U16  |houghTransform_muwdI  |        0|      4|  188|   70|
    |houghTransform_muxdS_U17  |houghTransform_muxdS  |        0|      5|  205|   88|
    |houghTransform_muyd2_U18  |houghTransform_muyd2  |        0|      4|  188|   70|
    |houghTransform_muzec_U19  |houghTransform_muzec  |        0|     16|  435|  250|
    +--------------------------+----------------------+---------+-------+-----+-----+
    |Total                     |                      |        0|    113| 4856| 1873|
    +--------------------------+----------------------+---------+-------+-----+-----+

    * DSP48: 
    N/A

    * Memory: 
    +-------------------------+----------------------+---------+----+-----+------+-----+------+-------------+
    |          Memory         |        Module        | BRAM_18K| FF | LUT | Words| Bits| Banks| W*Bits*Banks|
    +-------------------------+----------------------+---------+----+-----+------+-----+------+-------------+
    |hls_ref_4oPi_table_s_U   |generic_sincos_hlcud  |        8|   0|    0|    10|  256|     1|         2560|
    |hls_hotbm_fourth_o_22_U  |generic_sincos_hldEe  |        0|  58|  116|   128|   58|     1|         7424|
    |hls_hotbm_fourth_o_23_U  |generic_sincos_hleOg  |        0|  53|  106|   128|   53|     1|         6784|
    |hls_hotbm_fourth_o_24_U  |generic_sincos_hlfYi  |        0|  44|   88|   128|   44|     1|         5632|
    |hls_hotbm_fourth_o_25_U  |generic_sincos_hlg8j  |        0|  35|   70|   128|   35|     1|         4480|
    |hls_hotbm_fourth_o_26_U  |generic_sincos_hlhbi  |        0|  27|   54|   128|   27|     1|         3456|
    |hls_hotbm_fourth_o_9_U   |generic_sincos_hlibs  |        0|  59|  118|   128|   59|     1|         7552|
    |hls_hotbm_fourth_o_15_U  |generic_sincos_hljbC  |        0|  51|  102|   128|   51|     1|         6528|
    |hls_hotbm_fourth_o_16_U  |generic_sincos_hlkbM  |        0|  43|   86|   128|   43|     1|         5504|
    |hls_hotbm_fourth_o_17_U  |generic_sincos_hllbW  |        0|  33|   66|   128|   33|     1|         4224|
    |hls_hotbm_fourth_o_18_U  |generic_sincos_hlmb6  |        0|  23|   46|   128|   23|     1|         2944|
    +-------------------------+----------------------+---------+----+-----+------+-----+------+-------------+
    |Total                    |                      |        8| 426|  852|  1290|  682|    11|        57088|
    +-------------------------+----------------------+---------+----+-----+------+-----+------+-------------+

    * FIFO: 
    N/A

    * Expression: 
    +--------------------------------+----------+-------+-----+-----+------------+------------+
    |          Variable Name         | Operation| DSP48E|  FF | LUT | Bitwidth P0| Bitwidth P1|
    +--------------------------------+----------+-------+-----+-----+------------+------------+
    |expv_op_fu_418_p2               |     +    |      0|   38|   16|          11|          11|
    |p_Val2_12_fu_1089_p2            |     +    |      0|    0|   64|          62|          62|
    |p_Val2_13_fu_1098_p2            |     +    |      0|    0|   64|          62|          62|
    |p_Val2_14_fu_1142_p2            |     +    |      0|    0|   64|          62|          62|
    |p_Val2_20_i_fu_1179_p2          |     +    |      0|    0|   64|          62|          62|
    |r_V_fu_1150_p2                  |     +    |      0|    0|   64|          62|          62|
    |shift_2_1_i1_fu_1612_p2         |     +    |      0|  101|   37|           5|          32|
    |shift_2_1_i_fu_1546_p2          |     +    |      0|  101|   37|           5|          32|
    |shift_2_2_i1_fu_1630_p2         |     +    |      0|  101|   37|          32|          32|
    |shift_2_2_i_fu_1689_p2          |     +    |      0|  101|   37|          32|          32|
    |shift_2_3_i1_fu_1746_p2         |     +    |      0|  101|   37|          32|          32|
    |shift_2_3_i_fu_1701_p2          |     +    |      0|  101|   37|          32|          32|
    |tmp59_fu_1123_p2                |     +    |      0|  122|   44|          39|          39|
    |tmp60_fu_1133_p2                |     +    |      0|  149|   53|          48|          48|
    |tmp_44_i_fu_1784_p2             |     +    |      0|   41|   17|          10|          12|
    |tmp_fu_1170_p2                  |     +    |      0|    0|   64|          62|          62|
    |tmp_i_fu_580_p2                 |     +    |      0|   38|   16|          11|          11|
    |Ex_V_fu_613_p2                  |     -    |      0|   38|   16|          11|          11|
    |newexp_1_fu_1793_p2             |     -    |      0|  101|   37|          32|          32|
    |newexp_fu_1826_p2               |     -    |      0|  101|   37|          10|          32|
    |p_Val2_72_fu_1200_p2            |     -    |      0|  197|   69|          64|          63|
    |p_Val2_i_fu_522_p2              |     -    |      0|  377|  129|           1|         124|
    |tmp_57_i_fu_631_p2              |     -    |      0|   41|   17|           1|          12|
    |not_or_cond2_demorga_fu_805_p2  |    and   |      0|    0|    2|           1|           1|
    |or_cond_69_fu_783_p2            |    and   |      0|    0|    2|           1|           1|
    |p_Result_104_fu_827_p2          |    and   |      0|    0|    2|           1|           1|
    |p_Result_s_fu_792_p2            |    and   |      0|    0|    2|           1|           1|
    |sel_tmp3_i1_fu_1755_p2          |    and   |      0|    0|    2|           1|           1|
    |sel_tmp3_i_fu_1712_p2           |    and   |      0|    0|    2|           1|           1|
    |sel_tmp6_i1_fu_1646_p2          |    and   |      0|    0|    2|           1|           1|
    |sel_tmp6_i_fu_1721_p2           |    and   |      0|    0|    2|           1|           1|
    |tmp61_fu_1717_p2                |    and   |      0|    0|    2|           1|           1|
    |tmp63_fu_1640_p2                |    and   |      0|    0|    2|           1|           1|
    |tmp66_fu_821_p2                 |    and   |      0|    0|    2|           1|           1|
    |tmp_i1_i1_fu_1464_p3            |   cttz   |      0|   40|   36|          32|           0|
    |tmp_i1_i_fu_1400_p3             |   cttz   |      0|   40|   36|          32|           0|
    |tmp_i2_i1_fu_1482_p3            |   cttz   |      0|   40|   36|          32|           0|
    |tmp_i2_i_68_fu_1533_p3          |   cttz   |      0|   40|   36|          32|           0|
    |tmp_i3_i1_fu_1599_p3            |   cttz   |      0|   40|   36|          32|           0|
    |tmp_i3_i_fu_1681_p3             |   cttz   |      0|   40|   36|          32|           0|
    |tmp_i4_i_fu_568_p3              |   cttz   |      0|   40|   36|          64|           0|
    |tmp_i_i2_fu_1319_p3             |   cttz   |      0|   40|   36|          32|           0|
    |tmp_i_i_fu_1360_p3              |   cttz   |      0|   40|   36|          32|           0|
    |closepath_fu_412_p2             |   icmp   |      0|    0|    6|          11|          10|
    |tmp_43_i1_fu_1607_p2            |   icmp   |      0|    0|   16|          32|           5|
    |tmp_43_i_fu_1541_p2             |   icmp   |      0|    0|   16|          32|           5|
    |tmp_45_fu_487_p2                |   icmp   |      0|    0|   29|          52|           1|
    |tmp_46_fu_642_p2                |   icmp   |      0|    0|    6|          11|           2|
    |tmp_46_i_fu_1499_p2             |   icmp   |      0|    0|   32|          62|           1|
    |tmp_66_1_i1_fu_1625_p2          |   icmp   |      0|    0|   16|          32|           5|
    |tmp_66_1_i_fu_1559_p2           |   icmp   |      0|    0|   16|          32|           5|
    |tmp_66_2_i1_fu_1635_p2          |   icmp   |      0|    0|   16|          32|           5|
    |tmp_66_2_i_fu_1564_p2           |   icmp   |      0|    0|   16|          32|           5|
    |tmp_s_fu_637_p2                 |   icmp   |      0|    0|    6|          11|           1|
    |tmp_59_i_fu_660_p2              |   lshr   |      0|  161|  180|          63|          63|
    |or_cond3_fu_1760_p2             |    or    |      0|    0|    2|           1|           1|
    |or_cond_fu_1726_p2              |    or    |      0|    0|    2|           1|           1|
    |or_cond_i_fu_1926_p2            |    or    |      0|    0|    2|           1|           1|
    |tmp_56_fu_2014_p2               |    or    |      0|    0|    2|           1|           1|
    |addr_V_fu_424_p3                |  select  |      0|    0|   11|           1|           7|
    |c_write_assign_in_fu_2083_p3    |  select  |      0|    0|   64|           1|          64|
    |newSel1_fu_1765_p3              |  select  |      0|    0|   32|           1|          32|
    |newSel2_fu_1771_p3              |  select  |      0|    0|   32|           1|          32|
    |newSel4_fu_1776_p3              |  select  |      0|    0|   32|           1|          32|
    |newSel5_fu_1815_p3              |  select  |      0|    0|   32|           1|          32|
    |newSel6_fu_1732_p3              |  select  |      0|    0|   32|           1|          32|
    |newSel7_fu_1820_p3              |  select  |      0|    0|   32|           1|          32|
    |out_exp_V_1_fu_1999_p3          |  select  |      0|    0|   11|           1|           1|
    |out_exp_V_fu_1910_p3            |  select  |      0|    0|   11|           1|           1|
    |p_Result_3_cast_fu_2007_p3      |  select  |      0|    0|    2|           1|           2|
    |p_Result_4_cast_fu_2041_p3      |  select  |      0|    0|    2|           1|           2|
    |p_Result_5_fu_2026_p3           |  select  |      0|    0|   10|           1|          10|
    |p_Result_s_70_fu_798_p3         |  select  |      0|    0|    2|           1|           1|
    |p_Val2_100_fu_512_p3            |  select  |      0|    0|    3|           1|           1|
    |p_Val2_101_fu_1902_p3           |  select  |      0|    0|   52|           1|           1|
    |p_Val2_102_fu_1991_p3           |  select  |      0|    0|   52|           1|           1|
    |p_Val2_61_fu_527_p3             |  select  |      0|    0|  124|           1|         124|
    |p_Val2_64_fu_670_p3             |  select  |      0|    0|   63|           1|          63|
    |ret_V_32_fu_2018_p3             |  select  |      0|    0|   11|           1|          11|
    |ret_V_33_fu_2048_p3             |  select  |      0|    0|   52|           1|          52|
    |ret_V_34_fu_2033_p3             |  select  |      0|    0|   11|           1|          11|
    |ret_V_35_fu_2054_p3             |  select  |      0|    0|   52|           1|          52|
    |s_write_assign_in_fu_2076_p3    |  select  |      0|    0|   64|           1|          64|
    |sh_assign_fu_647_p3             |  select  |      0|    0|   12|           1|          12|
    |storemerge_i_fu_585_p3          |  select  |      0|    0|   11|           1|          11|
    |tmp_526_fu_1895_p3              |  select  |      0|    0|   52|           1|          52|
    |tmp_529_fu_1984_p3              |  select  |      0|    0|   52|           1|          52|
    |tmp_710_fu_1863_p3              |  select  |      0|    0|   52|           1|          52|
    |tmp_713_fu_1888_p3              |  select  |      0|    0|   52|           1|          52|
    |tmp_718_fu_1952_p3              |  select  |      0|    0|   52|           1|          52|
    |tmp_721_fu_1977_p3              |  select  |      0|    0|   52|           1|          52|
    |p_Val2_63_fu_595_p2             |    shl   |      0|  283|  411|         124|         124|
    |r_V_7_fu_452_p2                 |    shl   |      0|  553|  950|         256|         256|
    |tmp_42_i1_fu_1493_p2            |    shl   |      0|  161|  180|          63|          63|
    |tmp_42_i_fu_1411_p2             |    shl   |      0|  161|  180|          63|          63|
    |tmp_60_i_fu_665_p2              |    shl   |      0|  161|  180|          63|          63|
    |tmp_65_1_i1_fu_1620_p2          |    shl   |      0|  161|  180|          63|          63|
    |tmp_65_1_i_fu_1554_p2           |    shl   |      0|  161|  180|          63|          63|
    |tmp_65_2_i1_fu_1741_p2          |    shl   |      0|  161|  180|          63|          63|
    |tmp_65_2_i_fu_1696_p2           |    shl   |      0|  161|  180|          63|          63|
    |tmp_65_3_i1_fu_1921_p2          |    shl   |      0|  161|  180|          63|          63|
    |tmp_65_3_i_fu_1810_p2           |    shl   |      0|  161|  180|          63|          63|
    |not_or_cond2_fu_809_p2          |    xor   |      0|    0|    2|           1|           2|
    |not_or_cond_fu_815_p2           |    xor   |      0|    0|    2|           1|           2|
    |not_tmp_s_fu_787_p2             |    xor   |      0|    0|    2|           1|           2|
    |sel_tmp2_i1_fu_1750_p2          |    xor   |      0|    0|    2|           1|           2|
    |sel_tmp2_i_fu_1707_p2           |    xor   |      0|    0|    2|           1|           2|
    +--------------------------------+----------+-------+-----+-----+------------+------------+
    |Total                           |          |      0| 4655| 5881|        2469|        3034|
    +--------------------------------+----------+-------+-----+-----+------------+------------+

    * Multiplexer: 
    +-----------+-----+-----------+-----+-----------+
    |    Name   | LUT | Input Size| Bits| Total Bits|
    +-----------+-----+-----------+-----+-----------+
    |ap_NS_fsm  |  169|         38|    1|         38|
    +-----------+-----+-----------+-----+-----------+
    |Total      |  169|         38|    1|         38|
    +-----------+-----+-----------+-----+-----------+

    * Register: 
    +--------------------------------+-----+----+-----+-----------+
    |              Name              |  FF | LUT| Bits| Const Bits|
    +--------------------------------+-----+----+-----+-----------+
    |A_V_reg_2251                    |    7|   0|    7|          0|
    |Mx_V_reg_2215                   |   63|   0|   63|          0|
    |Mx_zeros_V_reg_2209             |    6|   0|    6|          0|
    |OP1_V_reg_2295                  |   49|   0|   98|         49|
    |ap_CS_fsm                       |   37|   0|   37|          0|
    |closepath_reg_2129              |    1|   0|    1|          0|
    |expv_op_reg_2136                |   11|   0|   11|          0|
    |hls_hotbm_fourth_o_37_reg_2392  |   53|   0|   53|          0|
    |hls_hotbm_fourth_o_39_reg_2342  |   44|   0|   44|          0|
    |hls_hotbm_fourth_o_41_reg_2439  |   35|   0|   35|          0|
    |hls_hotbm_fourth_o_43_reg_2444  |   27|   0|   27|          0|
    |hls_hotbm_fourth_o_46_reg_2347  |   51|   0|   51|          0|
    |hls_hotbm_fourth_o_48_reg_2352  |   43|   0|   43|          0|
    |hls_hotbm_fourth_o_50_reg_2454  |   33|   0|   33|          0|
    |hls_hotbm_fourth_o_52_reg_2459  |   23|   0|   23|          0|
    |isNeg_reg_2228                  |    1|   0|    1|          0|
    |loc_V_6_reg_2123                |   52|   0|   52|          0|
    |loc_V_reg_2116                  |   11|   0|   11|          0|
    |newSel6_reg_2799                |   32|   0|   32|          0|
    |newexp_1_reg_2815               |   32|   0|   32|          0|
    |not_or_cond2_reg_2278           |    1|   0|    1|          0|
    |or_cond3_reg_2810               |    1|   0|    1|          0|
    |or_cond_69_reg_2267             |    1|   0|    1|          0|
    |or_cond_reg_2793                |    1|   0|    1|          0|
    |p_Result_104_reg_2284           |    1|   0|    1|          0|
    |p_Result_16_1_i7_reg_2625       |   16|   0|   16|          0|
    |p_Result_16_1_i_reg_2605        |   16|   0|   16|          0|
    |p_Result_16_2_i1_reg_2630       |   16|   0|   16|          0|
    |p_Result_16_2_i_reg_2610        |   16|   0|   16|          0|
    |p_Result_1_i4_reg_2620          |   15|   0|   15|          0|
    |p_Result_1_i_reg_2600           |   16|   0|   16|          0|
    |p_Result_i2_reg_2635            |   15|   0|   15|          0|
    |p_Result_s_70_reg_2273          |    1|   0|    1|          0|
    |p_Val2_100_reg_2188             |    3|   0|    3|          0|
    |p_Val2_101_reg_2825             |   52|   0|   52|          0|
    |p_Val2_102_reg_2830             |   52|   0|   52|          0|
    |p_Val2_13_reg_2549              |   62|   0|   62|          0|
    |p_Val2_20_i_reg_2574            |   62|   0|   62|          0|
    |p_Val2_59_reg_2177              |  124|   0|  124|          0|
    |p_Val2_61_reg_2204              |  124|   0|  124|          0|
    |p_Val2_65_reg_2256              |   56|   0|   56|          0|
    |p_Val2_69_reg_2554              |   58|   0|   58|          0|
    |p_Val2_71_reg_2489              |   59|   0|   59|          0|
    |p_Val2_72_reg_2589              |   63|   0|   63|          0|
    |p_Val2_i_reg_2199               |  124|   0|  124|          0|
    |r_V_reg_2569                    |   62|   0|   62|          0|
    |ret_V_32_reg_2841               |   11|   0|   11|          0|
    |ret_V_34_reg_2846               |   11|   0|   11|          0|
    |ret_V_reg_2156                  |  170|   0|  170|          0|
    |rhs_V_2_reg_2222                |   12|   0|   12|          0|
    |sel_tmp6_i1_reg_2764            |    1|   0|    1|          0|
    |sel_tmp6_i_reg_2787             |    1|   0|    1|          0|
    |shift_2_1_i1_reg_2742           |   32|   0|   32|          0|
    |shift_2_1_i_reg_2706            |   32|   0|   32|          0|
    |shift_2_2_i1_reg_2758           |   32|   0|   32|          0|
    |shift_2_3_i_reg_2782            |   32|   0|   32|          0|
    |sin_results_sign_V_reg_2110     |    1|   0|    1|          0|
    |table_256_V_reg_2151            |  256|   0|  256|          0|
    |tmp60_reg_2564                  |   48|   0|   48|          0|
    |tmp_11_i_reg_2534               |   30|   0|   30|          0|
    |tmp_13_i_reg_2494               |   54|   0|   54|          0|
    |tmp_15_i_reg_2499               |   46|   0|   46|          0|
    |tmp_17_i_reg_2539               |   36|   0|   36|          0|
    |tmp_42_i1_reg_2681              |   63|   0|   63|          0|
    |tmp_42_i_reg_2661               |   63|   0|   63|          0|
    |tmp_43_i1_reg_2735              |    1|   0|    1|          0|
    |tmp_43_i_reg_2698               |    1|   0|    1|          0|
    |tmp_45_reg_2171                 |    1|   0|    1|          0|
    |tmp_46_i_reg_2687               |    1|   0|    1|          0|
    |tmp_46_reg_2245                 |    1|   0|    1|          0|
    |tmp_51_i_reg_2183               |    3|   0|    3|          0|
    |tmp_521_reg_2464                |   47|   0|   47|          0|
    |tmp_522_reg_2544                |   26|   0|   26|          0|
    |tmp_523_reg_2594                |   62|   0|   62|          0|
    |tmp_56_reg_2835                 |    1|   0|    1|          0|
    |tmp_57_i_reg_2234               |   12|   0|   12|          0|
    |tmp_57_reg_2289                 |    1|   0|    1|          0|
    |tmp_5_i_reg_2559                |   56|   0|   56|          0|
    |tmp_62_i_reg_2302               |   49|   0|   49|          0|
    |tmp_64_i_reg_2427               |   42|   0|   42|          0|
    |tmp_65_1_i1_reg_2747            |   63|   0|   63|          0|
    |tmp_65_1_i_reg_2712             |   63|   0|   63|          0|
    |tmp_65_2_i1_reg_2804            |   63|   0|   63|          0|
    |tmp_65_2_i_reg_2776             |   63|   0|   63|          0|
    |tmp_66_1_i1_reg_2753            |    1|   0|    1|          0|
    |tmp_66_1_i_reg_2718             |    1|   0|    1|          0|
    |tmp_66_2_i_reg_2724             |    1|   0|    1|          0|
    |tmp_66_i_reg_2433               |   35|   0|   35|          0|
    |tmp_67_i_reg_2309               |    7|   0|   32|         25|
    |tmp_700_reg_2146                |    7|   0|    7|          0|
    |tmp_701_reg_2194                |    1|   0|    1|          0|
    |tmp_705_reg_2615                |   15|   0|   15|          0|
    |tmp_714_reg_2820                |    1|   0|    1|          0|
    |tmp_9_i_reg_2529                |   38|   0|   38|          0|
    |tmp_i1_i1_reg_2667              |   32|   0|   32|          0|
    |tmp_i1_i_reg_2654               |   32|   0|   32|          0|
    |tmp_i1_reg_2262                 |   49|   0|   49|          0|
    |tmp_i2_i1_reg_2674              |   32|   0|   32|          0|
    |tmp_i2_i_68_reg_2692            |   32|   0|   32|          0|
    |tmp_i3_i1_reg_2729              |   32|   0|   32|          0|
    |tmp_i3_i_reg_2771               |   32|   0|   32|          0|
    |tmp_i_i2_reg_2640               |   32|   0|   32|          0|
    |tmp_i_i_reg_2647                |   32|   0|   32|          0|
    |tmp_s_reg_2239                  |    1|   0|    1|          0|
    +--------------------------------+-----+----+-----+-----------+
    |Total                           | 3528|   0| 3602|         74|
    +--------------------------------+-----+----+-----+-----------+



================================================================
== Interface
================================================================
* Summary: 
+-------------+-----+-----+------------+----------------+--------------+
|  RTL Ports  | Dir | Bits|  Protocol  |  Source Object |    C Type    |
+-------------+-----+-----+------------+----------------+--------------+
|ap_clk       |  in |    1| ap_ctrl_hs | generic_sincos | return value |
|ap_rst       |  in |    1| ap_ctrl_hs | generic_sincos | return value |
|ap_start     |  in |    1| ap_ctrl_hs | generic_sincos | return value |
|ap_done      | out |    1| ap_ctrl_hs | generic_sincos | return value |
|ap_idle      | out |    1| ap_ctrl_hs | generic_sincos | return value |
|ap_ready     | out |    1| ap_ctrl_hs | generic_sincos | return value |
|ap_return_0  | out |   64| ap_ctrl_hs | generic_sincos | return value |
|ap_return_1  | out |   64| ap_ctrl_hs | generic_sincos | return value |
|t_in         |  in |   64|   ap_none  |      t_in      |    scalar    |
+-------------+-----+-----+------------+----------------+--------------+

