

================================================================
== Vivado HLS Report for 'roundf'
================================================================
* Date:           Tue Dec 18 12:03:32 2018

* Version:        2017.2 (Build 1909853 on Thu Jun 15 18:55:24 MDT 2017)
* Project:        houghTransfrom.prj
* Solution:       solution2
* Product family: zynq
* Target device:  xc7z010clg400-1


================================================================
== Performance Estimates
================================================================
+ Timing (ns): 
    * Summary: 
    +--------+-------+----------+------------+
    |  Clock | Target| Estimated| Uncertainty|
    +--------+-------+----------+------------+
    |ap_clk  |   8.00|      4.97|        1.00|
    +--------+-------+----------+------------+

+ Latency (clock cycles): 
    * Summary: 
    +-----+-----+-----+-----+---------+
    |  Latency  |  Interval | Pipeline|
    | min | max | min | max |   Type  |
    +-----+-----+-----+-----+---------+
    |    3|    3|    3|    3|   none  |
    +-----+-----+-----+-----+---------+

    + Detail: 
        * Instance: 
        N/A

        * Loop: 
        N/A



================================================================
== Utilization Estimates
================================================================
* Summary: 
+-----------------+---------+-------+-------+-------+
|       Name      | BRAM_18K| DSP48E|   FF  |  LUT  |
+-----------------+---------+-------+-------+-------+
|DSP              |        -|      -|      -|      -|
|Expression       |        -|      -|    101|    159|
|FIFO             |        -|      -|      -|      -|
|Instance         |        -|      -|      -|      -|
|Memory           |        0|      -|     47|     24|
|Multiplexer      |        -|      -|      -|     27|
|Register         |        -|      -|    117|      -|
+-----------------+---------+-------+-------+-------+
|Total            |        0|      0|    265|    210|
+-----------------+---------+-------+-------+-------+
|Available        |      120|     80|  35200|  17600|
+-----------------+---------+-------+-------+-------+
|Utilization (%)  |        0|      0|   ~0  |      1|
+-----------------+---------+-------+-------+-------+

+ Detail: 
    * Instance: 
    N/A

    * DSP48: 
    N/A

    * Memory: 
    +-------------------+----------------------+---------+----+----+------+-----+------+-------------+
    |       Memory      |        Module        | BRAM_18K| FF | LUT| Words| Bits| Banks| W*Bits*Banks|
    +-------------------+----------------------+---------+----+----+------+-----+------+-------------+
    |mask_table1_U      |roundf_mask_table1    |        0|  23|  12|    32|   23|     1|          736|
    |one_half_table2_U  |roundf_one_half_tbkb  |        0|  24|  12|    32|   24|     1|          768|
    +-------------------+----------------------+---------+----+----+------+-----+------+-------------+
    |Total              |                      |        0|  47|  24|    64|   47|     2|         1504|
    +-------------------+----------------------+---------+----+----+------+-----+------+-------------+

    * FIFO: 
    N/A

    * Expression: 
    +-----------------------+----------+-------+-----+----+------------+------------+
    |     Variable Name     | Operation| DSP48E|  FF | LUT| Bitwidth P0| Bitwidth P1|
    +-----------------------+----------+-------+-----+----+------------+------------+
    |p_Val2_s_fu_130_p2     |     +    |      0|  101|  37|          32|          32|
    |sel_tmp2_fu_184_p2     |    and   |      0|    0|   2|           1|           1|
    |xs_sig_V_fu_144_p2     |    and   |      0|    0|  23|          23|          23|
    |tmp_105_i_i_fu_90_p2   |   icmp   |      0|    0|   4|           8|           8|
    |tmp_i_i_fu_84_p2       |   icmp   |      0|    0|   4|           8|           7|
    |ap_return              |  select  |      0|    0|  32|           1|          32|
    |sel_tmp_v_fu_168_p3    |  select  |      0|    0|  32|           1|          32|
    |sel_tmp1_fu_179_p2     |    xor   |      0|    0|   2|           1|           2|
    |tmp_108_i_i_fu_139_p2  |    xor   |      0|    0|  23|          23|           2|
    +-----------------------+----------+-------+-----+----+------------+------------+
    |Total                  |          |      0|  101| 159|          98|         139|
    +-----------------------+----------+-------+-----+----+------------+------------+

    * Multiplexer: 
    +-----------+----+-----------+-----+-----------+
    |    Name   | LUT| Input Size| Bits| Total Bits|
    +-----------+----+-----------+-----+-----------+
    |ap_NS_fsm  |  27|          5|    1|          5|
    +-----------+----+-----------+-----+-----------+
    |Total      |  27|          5|    1|          5|
    +-----------+----+-----------+-----+-----------+

    * Register: 
    +---------------------+----+----+-----+-----------+
    |         Name        | FF | LUT| Bits| Const Bits|
    +---------------------+----+----+-----+-----------+
    |ap_CS_fsm            |   4|   0|    4|          0|
    |mask_reg_227         |  23|   0|   23|          0|
    |one_half_reg_232     |  24|   0|   24|          0|
    |sel_tmp_reg_237      |  32|   0|   32|          0|
    |t_V_6_reg_200        |  32|   0|   32|          0|
    |tmp_105_i_i_reg_212  |   1|   0|    1|          0|
    |tmp_i_i_reg_206      |   1|   0|    1|          0|
    +---------------------+----+----+-----+-----------+
    |Total                | 117|   0|  117|          0|
    +---------------------+----+----+-----+-----------+



================================================================
== Interface
================================================================
* Summary: 
+-----------+-----+-----+------------+--------------+--------------+
| RTL Ports | Dir | Bits|  Protocol  | Source Object|    C Type    |
+-----------+-----+-----+------------+--------------+--------------+
|ap_clk     |  in |    1| ap_ctrl_hs |    roundf    | return value |
|ap_rst     |  in |    1| ap_ctrl_hs |    roundf    | return value |
|ap_start   |  in |    1| ap_ctrl_hs |    roundf    | return value |
|ap_done    | out |    1| ap_ctrl_hs |    roundf    | return value |
|ap_idle    | out |    1| ap_ctrl_hs |    roundf    | return value |
|ap_ready   | out |    1| ap_ctrl_hs |    roundf    | return value |
|ap_return  | out |   32| ap_ctrl_hs |    roundf    | return value |
|x          |  in |   32|   ap_none  |       x      |    scalar    |
+-----------+-----+-----+------------+--------------+--------------+

