

================================================================
== Vivado HLS Report for 'convolve'
================================================================
* Date:           Tue Dec 18 16:01:48 2018

* Version:        2017.2 (Build 1909853 on Thu Jun 15 18:55:24 MDT 2017)
* Project:        convolution.prj
* Solution:       solution3
* Product family: zynq
* Target device:  xc7z010clg400-1


================================================================
== Performance Estimates
================================================================
+ Timing (ns): 
    * Summary: 
    +--------+-------+----------+------------+
    |  Clock | Target| Estimated| Uncertainty|
    +--------+-------+----------+------------+
    |ap_clk  |   8.00|      9.29|        1.00|
    +--------+-------+----------+------------+

+ Latency (clock cycles): 
    * Summary: 
    +------+-------+------+-------+---------+
    |    Latency   |   Interval   | Pipeline|
    |  min |  max  |  min |  max  |   Type  |
    +------+-------+------+-------+---------+
    |  9841|  17761|  9842|  17762|   none  |
    +------+-------+------+-------+---------+

    + Detail: 
        * Instance: 
        +---------------------------------+----------------------+-----+-----+-----+-----+----------+
        |                                 |                      |  Latency  |  Interval | Pipeline |
        |             Instance            |        Module        | min | max | min | max |   Type   |
        +---------------------------------+----------------------+-----+-----+-----+-----+----------+
        |grp_p_hls_fptosi_float_i_fu_534  |p_hls_fptosi_float_i  |    2|    2|    1|    1| function |
        |grp_p_hls_fptosi_float_i_fu_539  |p_hls_fptosi_float_i  |    2|    2|    1|    1| function |
        |grp_p_hls_fptosi_float_i_fu_544  |p_hls_fptosi_float_i  |    2|    2|    1|    1| function |
        +---------------------------------+----------------------+-----+-----+-----+-----+----------+

        * Loop: 
        +--------------------+------+-------+-----------+-----------+-----------+-------+----------+
        |                    |    Latency   | Iteration |  Initiation Interval  |  Trip |          |
        |      Loop Name     |  min |  max  |  Latency  |  achieved |   target  | Count | Pipelined|
        +--------------------+------+-------+-----------+-----------+-----------+-------+----------+
        |- Loop 1            |  9840|  17760| 205 ~ 370 |          -|          -|     48|    no    |
        | + convolve_label2  |   200|    365|        169|         33|          1| 1 ~ 6 |    yes   |
        +--------------------+------+-------+-----------+-----------+-----------+-------+----------+



================================================================
== Utilization Estimates
================================================================
* Summary: 
+-----------------+---------+-------+-------+-------+
|       Name      | BRAM_18K| DSP48E|   FF  |  LUT  |
+-----------------+---------+-------+-------+-------+
|DSP              |        -|      -|      -|      -|
|Expression       |        -|      -|   1629|    843|
|FIFO             |        -|      -|      -|      -|
|Instance         |       10|     15|   4348|   5901|
|Memory           |        -|      -|      -|      -|
|Multiplexer      |        -|      -|      -|   1961|
|Register         |        -|      -|   8151|   1696|
+-----------------+---------+-------+-------+-------+
|Total            |       10|     15|  14128|  10401|
+-----------------+---------+-------+-------+-------+
|Available        |      120|     80|  35200|  17600|
+-----------------+---------+-------+-------+-------+
|Utilization (%)  |        8|     18|     40|     59|
+-----------------+---------+-------+-------+-------+

+ Detail: 
    * Instance: 
    +---------------------------------+----------------------+---------+-------+-----+-----+
    |             Instance            |        Module        | BRAM_18K| DSP48E|  FF | LUT |
    +---------------------------------+----------------------+---------+-------+-----+-----+
    |convolve_conv_s_axi_U            |convolve_conv_s_axi   |       10|      0|  276|  250|
    |convolve_fadd_32nbkb_U1          |convolve_fadd_32nbkb  |        0|      2|  306|  418|
    |convolve_fadd_32nbkb_U2          |convolve_fadd_32nbkb  |        0|      2|  306|  418|
    |convolve_fadd_32nbkb_U3          |convolve_fadd_32nbkb  |        0|      2|  306|  418|
    |convolve_fmul_32ncud_U4          |convolve_fmul_32ncud  |        0|      3|  143|  321|
    |convolve_fmul_32ncud_U5          |convolve_fmul_32ncud  |        0|      3|  143|  321|
    |convolve_fmul_32ncud_U6          |convolve_fmul_32ncud  |        0|      3|  143|  321|
    |convolve_mul_6ns_eOg_U11         |convolve_mul_6ns_eOg  |        0|      0|   45|   65|
    |convolve_mul_6ns_eOg_U12         |convolve_mul_6ns_eOg  |        0|      0|   45|   65|
    |convolve_mul_6ns_eOg_U13         |convolve_mul_6ns_eOg  |        0|      0|   45|   65|
    |convolve_sitofp_3dEe_U7          |convolve_sitofp_3dEe  |        0|      0|  340|  554|
    |convolve_sitofp_3dEe_U8          |convolve_sitofp_3dEe  |        0|      0|  340|  554|
    |convolve_sitofp_3dEe_U9          |convolve_sitofp_3dEe  |        0|      0|  340|  554|
    |convolve_sitofp_3dEe_U10         |convolve_sitofp_3dEe  |        0|      0|  340|  554|
    |grp_p_hls_fptosi_float_i_fu_534  |p_hls_fptosi_float_i  |        0|      0|  410|  341|
    |grp_p_hls_fptosi_float_i_fu_539  |p_hls_fptosi_float_i  |        0|      0|  410|  341|
    |grp_p_hls_fptosi_float_i_fu_544  |p_hls_fptosi_float_i  |        0|      0|  410|  341|
    +---------------------------------+----------------------+---------+-------+-----+-----+
    |Total                            |                      |       10|     15| 4348| 5901|
    +---------------------------------+----------------------+---------+-------+-----+-----+

    * DSP48: 
    N/A

    * Memory: 
    N/A

    * FIFO: 
    N/A

    * Expression: 
    +-----------------------------------+----------+-------+----+----+------------+------------+
    |           Variable Name           | Operation| DSP48E| FF | LUT| Bitwidth P0| Bitwidth P1|
    +-----------------------------------+----------+-------+----+----+------------+------------+
    |col_offset_0_2_fu_936_p2           |     +    |      0|  23|  11|           6|           1|
    |col_offset_1_2_fu_965_p2           |     +    |      0|  23|  11|           6|           2|
    |col_offset_2_2_fu_994_p2           |     +    |      0|  23|  11|           6|           2|
    |col_offset_3_2_fu_1023_p2          |     +    |      0|  23|  11|           6|           3|
    |col_offset_4_2_fu_1052_p2          |     +    |      0|  23|  11|           6|           3|
    |col_offset_5_2_fu_1081_p2          |     +    |      0|  23|  11|           6|           3|
    |col_offset_6_2_fu_1110_p2          |     +    |      0|  23|  11|           6|           3|
    |col_offset_7_2_fu_1122_p2          |     +    |      0|  23|  11|           6|           4|
    |col_offset_8_2_fu_1497_p2          |     +    |      0|  23|  11|           6|           4|
    |r_fu_863_p2                        |     +    |      0|  23|  11|           6|           1|
    |tmp_10_fu_1160_p2                  |     +    |      0|  41|  17|          12|          12|
    |tmp_11_fu_1298_p2                  |     +    |      0|  41|  17|          12|          12|
    |tmp_15_fu_950_p2                   |     +    |      0|  41|  17|          12|          12|
    |tmp_16_fu_1179_p2                  |     +    |      0|  41|  17|          12|          12|
    |tmp_17_fu_1317_p2                  |     +    |      0|  41|  17|          12|          12|
    |tmp_18_fu_979_p2                   |     +    |      0|  41|  17|          12|          12|
    |tmp_19_fu_1194_p2                  |     +    |      0|  41|  17|          12|          12|
    |tmp_20_fu_1331_p2                  |     +    |      0|  41|  17|          12|          12|
    |tmp_21_fu_1008_p2                  |     +    |      0|  41|  17|          12|          12|
    |tmp_22_fu_1209_p2                  |     +    |      0|  41|  17|          12|          12|
    |tmp_23_fu_1350_p2                  |     +    |      0|  41|  17|          12|          12|
    |tmp_24_fu_1037_p2                  |     +    |      0|  41|  17|          12|          12|
    |tmp_25_fu_1224_p2                  |     +    |      0|  41|  17|          12|          12|
    |tmp_26_fu_1369_p2                  |     +    |      0|  41|  17|          12|          12|
    |tmp_27_fu_1066_p2                  |     +    |      0|  41|  17|          12|          12|
    |tmp_28_fu_1239_p2                  |     +    |      0|  41|  17|          12|          12|
    |tmp_29_fu_1388_p2                  |     +    |      0|  41|  17|          12|          12|
    |tmp_2_fu_917_p2                    |     +    |      0|  23|  11|           6|           2|
    |tmp_30_fu_1095_p2                  |     +    |      0|  41|  17|          12|          12|
    |tmp_31_fu_1254_p2                  |     +    |      0|  41|  17|          12|          12|
    |tmp_32_fu_1407_p2                  |     +    |      0|  41|  17|          12|          12|
    |tmp_33_fu_1136_p2                  |     +    |      0|  41|  17|          12|          12|
    |tmp_34_fu_1274_p2                  |     +    |      0|  41|  17|          12|          12|
    |tmp_35_fu_1426_p2                  |     +    |      0|  41|  17|          12|          12|
    |tmp_36_fu_1448_p2                  |     +    |      0|  41|  17|          12|          12|
    |tmp_37_fu_1468_p2                  |     +    |      0|  41|  17|          12|          12|
    |tmp_38_fu_1483_p2                  |     +    |      0|  41|  17|          12|          12|
    |tmp_39_fu_1516_p2                  |     +    |      0|  41|  17|          12|          12|
    |tmp_3_fu_857_p2                    |     +    |      0|  23|  11|           6|           2|
    |tmp_40_fu_1531_p2                  |     +    |      0|  41|  17|          12|          12|
    |tmp_41_fu_1540_p2                  |     +    |      0|  41|  17|          12|          12|
    |tmp_6_fu_907_p2                    |     +    |      0|  41|  17|          12|          12|
    |tmp_7_fu_1146_p2                   |     +    |      0|  41|  17|          12|          12|
    |tmp_8_fu_1284_p2                   |     +    |      0|  41|  17|          12|          12|
    |tmp_9_fu_926_p2                    |     +    |      0|  41|  17|          12|          12|
    |ap_predicate_op1111_call_state40   |    and   |      0|   0|   2|           1|           1|
    |ap_predicate_op1160_call_state42   |    and   |      0|   0|   2|           1|           1|
    |ap_predicate_op1183_call_state43   |    and   |      0|   0|   2|           1|           1|
    |ap_predicate_op1203_call_state44   |    and   |      0|   0|   2|           1|           1|
    |ap_predicate_op1221_call_state45   |    and   |      0|   0|   2|           1|           1|
    |ap_predicate_op1237_call_state46   |    and   |      0|   0|   2|           1|           1|
    |ap_predicate_op1251_call_state47   |    and   |      0|   0|   2|           1|           1|
    |ap_predicate_op1264_call_state48   |    and   |      0|   0|   2|           1|           1|
    |ap_predicate_op1333_call_state56   |    and   |      0|   0|   2|           1|           1|
    |ap_predicate_op1418_call_state64   |    and   |      0|   0|   2|           1|           1|
    |ap_predicate_op1486_call_state72   |    and   |      0|   0|   2|           1|           1|
    |ap_predicate_op1505_call_state74   |    and   |      0|   0|   2|           1|           1|
    |ap_predicate_op1516_call_state75   |    and   |      0|   0|   2|           1|           1|
    |ap_predicate_op1527_call_state76   |    and   |      0|   0|   2|           1|           1|
    |ap_predicate_op1538_call_state77   |    and   |      0|   0|   2|           1|           1|
    |ap_predicate_op1549_call_state78   |    and   |      0|   0|   2|           1|           1|
    |ap_predicate_op1560_call_state79   |    and   |      0|   0|   2|           1|           1|
    |ap_predicate_op1571_call_state80   |    and   |      0|   0|   2|           1|           1|
    |ap_predicate_op1639_call_state88   |    and   |      0|   0|   2|           1|           1|
    |ap_predicate_op1658_call_state90   |    and   |      0|   0|   2|           1|           1|
    |ap_predicate_op1669_call_state91   |    and   |      0|   0|   2|           1|           1|
    |ap_predicate_op1680_call_state92   |    and   |      0|   0|   2|           1|           1|
    |ap_predicate_op1691_call_state93   |    and   |      0|   0|   2|           1|           1|
    |ap_predicate_op1702_call_state94   |    and   |      0|   0|   2|           1|           1|
    |ap_predicate_op1724_call_state96   |    and   |      0|   0|   2|           1|           1|
    |ap_predicate_op1811_call_state106  |    and   |      0|   0|   2|           1|           1|
    |ap_predicate_op1822_call_state107  |    and   |      0|   0|   2|           1|           1|
    |ap_predicate_op1833_call_state108  |    and   |      0|   0|   2|           1|           1|
    |ap_predicate_op1844_call_state109  |    and   |      0|   0|   2|           1|           1|
    |ap_predicate_op1855_call_state110  |    and   |      0|   0|   2|           1|           1|
    |ap_predicate_op1866_call_state111  |    and   |      0|   0|   2|           1|           1|
    |ap_predicate_op1877_call_state112  |    and   |      0|   0|   2|           1|           1|
    |ap_predicate_op1935_call_state120  |    and   |      0|   0|   2|           1|           1|
    |ap_predicate_op1943_call_state122  |    and   |      0|   0|   2|           1|           1|
    |ap_predicate_op2005_call_state130  |    and   |      0|   0|   2|           1|           1|
    |ap_predicate_op2015_call_state131  |    and   |      0|   0|   2|           1|           1|
    |ap_predicate_op2016_call_state131  |    and   |      0|   0|   2|           1|           1|
    |ap_predicate_op2026_call_state132  |    and   |      0|   0|   2|           1|           1|
    |ap_predicate_op2027_call_state132  |    and   |      0|   0|   2|           1|           1|
    |ap_predicate_op2028_call_state132  |    and   |      0|   0|   2|           1|           1|
    |ap_predicate_op2082_call_state138  |    and   |      0|   0|   2|           1|           1|
    |ap_predicate_op2158_call_state146  |    and   |      0|   0|   2|           1|           1|
    |ap_predicate_op2168_call_state147  |    and   |      0|   0|   2|           1|           1|
    |ap_predicate_op2169_call_state147  |    and   |      0|   0|   2|           1|           1|
    |ap_predicate_op2179_call_state148  |    and   |      0|   0|   2|           1|           1|
    |ap_predicate_op2180_call_state148  |    and   |      0|   0|   2|           1|           1|
    |ap_predicate_op2181_call_state148  |    and   |      0|   0|   2|           1|           1|
    |ap_predicate_op2216_call_state152  |    and   |      0|   0|   2|           1|           1|
    |ap_predicate_op2236_call_state154  |    and   |      0|   0|   2|           1|           1|
    |ap_predicate_op2312_call_state167  |    and   |      0|   0|   2|           1|           1|
    |ap_predicate_op608_call_state24    |    and   |      0|   0|   2|           1|           1|
    |ap_predicate_op672_call_state26    |    and   |      0|   0|   2|           1|           1|
    |ap_predicate_op708_call_state27    |    and   |      0|   0|   2|           1|           1|
    |ap_predicate_op744_call_state28    |    and   |      0|   0|   2|           1|           1|
    |ap_predicate_op780_call_state29    |    and   |      0|   0|   2|           1|           1|
    |ap_predicate_op816_call_state30    |    and   |      0|   0|   2|           1|           1|
    |ap_predicate_op853_call_state31    |    and   |      0|   0|   2|           1|           1|
    |ap_predicate_op888_call_state32    |    and   |      0|   0|   2|           1|           1|
    |exitcond_fu_851_p2                 |   icmp   |      0|   0|   3|           6|           5|
    |tmp_1_11_fu_960_p2                 |   icmp   |      0|   0|   3|           6|           5|
    |tmp_2_12_fu_989_p2                 |   icmp   |      0|   0|   3|           6|           5|
    |tmp_3_13_fu_1018_p2                |   icmp   |      0|   0|   3|           6|           5|
    |tmp_4_14_fu_1047_p2                |   icmp   |      0|   0|   3|           6|           5|
    |tmp_5_15_fu_1076_p2                |   icmp   |      0|   0|   3|           6|           5|
    |tmp_6_16_fu_1105_p2                |   icmp   |      0|   0|   3|           6|           5|
    |tmp_7_17_fu_1116_p2                |   icmp   |      0|   0|   3|           6|           5|
    |tmp_8_18_fu_1264_p2                |   icmp   |      0|   0|   3|           6|           5|
    |tmp_s_fu_897_p2                    |   icmp   |      0|   0|   3|           6|           5|
    |ap_predicate_tran172to174_state37  |    or    |      0|   0|   2|           1|           1|
    |ap_enable_pp0                      |    xor   |      0|   0|   2|           1|           2|
    +-----------------------------------+----------+-------+----+----+------------+------------+
    |Total                              |          |      0|1629| 843|         588|         537|
    +-----------------------------------+----------+-------+----+----+------------+------------+

    * Multiplexer: 
    +-------------------------+-----+-----------+-----+-----------+
    |           Name          | LUT | Input Size| Bits| Total Bits|
    +-------------------------+-----+-----------+-----+-----------+
    |ap_NS_fsm                |  173|         39|    1|         39|
    |ap_enable_reg_pp0_iter5  |    9|          2|    1|          2|
    |c_phi_fu_526_p4          |    9|          2|    6|         12|
    |c_reg_522                |    9|          2|    6|         12|
    |grp_fu_552_p0            |  121|         26|   32|        832|
    |grp_fu_552_p1            |  113|         22|   32|        704|
    |grp_fu_557_p0            |   81|         17|   32|        544|
    |grp_fu_557_p1            |  129|         28|   32|        896|
    |grp_fu_561_p0            |   89|         18|   32|        576|
    |grp_fu_561_p1            |  121|         26|   32|        832|
    |grp_fu_565_p0            |   65|         12|   32|        384|
    |grp_fu_565_p1            |   55|         10|   32|        320|
    |grp_fu_569_p0            |   55|         10|   32|        320|
    |grp_fu_569_p1            |   40|          7|   32|        224|
    |grp_fu_573_p0            |   50|          9|   32|        288|
    |grp_fu_573_p1            |   21|          4|   32|        128|
    |grp_fu_577_p0            |  153|         34|   32|       1088|
    |grp_fu_580_p0            |  125|         27|   32|        864|
    |grp_fu_583_p0            |  113|         25|   32|        800|
    |grp_fu_586_p0            |  113|         23|   32|        736|
    |in_r_address0            |  153|         34|   12|        408|
    |krnl_address0            |   55|         10|    4|         40|
    |out_r_address0           |   55|         10|   12|        120|
    |out_r_d0                 |   45|          8|   16|        128|
    |r1_reg_510               |    9|          2|    6|         12|
    +-------------------------+-----+-----------+-----+-----------+
    |Total                    | 1961|        407|  576|      10309|
    +-------------------------+-----+-----------+-----+-----------+

    * Register: 
    +----------------------------------------+----+----+-----+-----------+
    |                  Name                  | FF | LUT| Bits| Const Bits|
    +----------------------------------------+----+----+-----+-----------+
    |ap_CS_fsm                               |  38|   0|   38|          0|
    |ap_enable_reg_pp0_iter0                 |   1|   0|    1|          0|
    |ap_enable_reg_pp0_iter1                 |   1|   0|    1|          0|
    |ap_enable_reg_pp0_iter2                 |   1|   0|    1|          0|
    |ap_enable_reg_pp0_iter3                 |   1|   0|    1|          0|
    |ap_enable_reg_pp0_iter4                 |   1|   0|    1|          0|
    |ap_enable_reg_pp0_iter5                 |   1|   0|    1|          0|
    |ap_reg_pp0_iter1_tmp_41_0_1_1_reg_2498  |  32|   0|   32|          0|
    |ap_reg_pp0_iter1_tmp_41_0_1_reg_2294    |  32|   0|   32|          0|
    |ap_reg_pp0_iter1_tmp_41_1_1_1_reg_2538  |  32|   0|   32|          0|
    |ap_reg_pp0_iter1_tmp_41_1_1_reg_2339    |  32|   0|   32|          0|
    |ap_reg_pp0_iter1_tmp_41_2_1_1_reg_2563  |  32|   0|   32|          0|
    |ap_reg_pp0_iter1_tmp_41_2_1_reg_2364    |  32|   0|   32|          0|
    |ap_reg_pp0_iter1_tmp_41_3_1_1_reg_2588  |  32|   0|   32|          0|
    |ap_reg_pp0_iter1_tmp_41_3_1_reg_2389    |  32|   0|   32|          0|
    |ap_reg_pp0_iter1_tmp_41_4_1_1_reg_2613  |  32|   0|   32|          0|
    |ap_reg_pp0_iter1_tmp_41_4_1_reg_2414    |  32|   0|   32|          0|
    |ap_reg_pp0_iter1_tmp_41_5_1_1_reg_2638  |  32|   0|   32|          0|
    |ap_reg_pp0_iter1_tmp_41_5_1_reg_2443    |  32|   0|   32|          0|
    |ap_reg_pp0_iter1_tmp_41_6_1_1_reg_2663  |  32|   0|   32|          0|
    |ap_reg_pp0_iter1_tmp_41_6_1_reg_2473    |  32|   0|   32|          0|
    |ap_reg_pp0_iter1_tmp_41_7_1_1_reg_2694  |  32|   0|   32|          0|
    |ap_reg_pp0_iter1_tmp_41_7_1_reg_2493    |  32|   0|   32|          0|
    |ap_reg_pp0_iter2_tmp_41_8_1_1_reg_2946  |  32|   0|   32|          0|
    |ap_reg_pp0_iter2_tmp_41_8_1_2_reg_2961  |  32|   0|   32|          0|
    |c_cast_cast_reg_2001                    |   6|   0|   12|          6|
    |c_reg_522                               |   6|   0|    6|          0|
    |col_offset_0_2_cast_s_reg_2053          |   6|   0|   12|          6|
    |col_offset_0_2_reg_2035                 |   6|   0|    6|          0|
    |col_offset_1_2_cast_s_reg_2086          |   6|   0|   12|          6|
    |col_offset_1_2_reg_2068                 |   6|   0|    6|          0|
    |col_offset_2_2_cast_s_reg_2118          |   6|   0|   12|          6|
    |col_offset_2_2_reg_2101                 |   6|   0|    6|          0|
    |col_offset_3_2_cast_s_reg_2150          |   6|   0|   12|          6|
    |col_offset_3_2_reg_2133                 |   6|   0|    6|          0|
    |col_offset_4_2_cast_s_reg_2182          |   6|   0|   12|          6|
    |col_offset_4_2_reg_2165                 |   6|   0|    6|          0|
    |col_offset_5_2_cast_s_reg_2213          |   6|   0|   12|          6|
    |col_offset_5_2_reg_2197                 |   6|   0|    6|          0|
    |col_offset_6_2_cast_s_reg_2253          |   6|   0|   12|          6|
    |col_offset_6_2_reg_2228                 |   6|   0|    6|          0|
    |col_offset_7_2_cast_s_reg_2668          |   6|   0|   12|          6|
    |col_offset_7_2_reg_2237                 |   6|   0|    6|          0|
    |col_offset_8_2_cast_s_reg_2755          |   6|   0|   12|          6|
    |col_offset_8_2_reg_2734                 |   6|   0|    6|          0|
    |krnl_load_1_reg_2041                    |  32|   0|   32|          0|
    |krnl_load_2_reg_2079                    |  32|   0|   32|          0|
    |krnl_load_3_reg_2107                    |  32|   0|   32|          0|
    |krnl_load_4_reg_2139                    |  32|   0|   32|          0|
    |krnl_load_5_reg_2171                    |  32|   0|   32|          0|
    |krnl_load_6_reg_2203                    |  32|   0|   32|          0|
    |krnl_load_7_reg_2243                    |  32|   0|   32|          0|
    |krnl_load_8_reg_2274                    |  32|   0|   32|          0|
    |krnl_load_reg_2028                      |  32|   0|   32|          0|
    |out_addr_1_reg_2309                     |  12|   0|   12|          0|
    |out_addr_2_reg_2324                     |  12|   0|   12|          0|
    |out_addr_3_reg_2349                     |  12|   0|   12|          0|
    |out_addr_4_reg_2374                     |  12|   0|   12|          0|
    |out_addr_5_reg_2399                     |  12|   0|   12|          0|
    |out_addr_6_reg_2424                     |  12|   0|   12|          0|
    |out_addr_7_reg_2453                     |  12|   0|   12|          0|
    |out_addr_8_reg_2704                     |  12|   0|   12|          0|
    |r1_reg_510                              |   6|   0|    6|          0|
    |r_reg_1931                              |   6|   0|    6|          0|
    |reg_589                                 |  16|   0|   16|          0|
    |reg_593                                 |  32|   0|   32|          0|
    |reg_601                                 |  32|   0|   32|          0|
    |reg_609                                 |  32|   0|   32|          0|
    |reg_617                                 |  32|   0|   32|          0|
    |reg_625                                 |  32|   0|   32|          0|
    |reg_631                                 |  32|   0|   32|          0|
    |reg_637                                 |  32|   0|   32|          0|
    |reg_643                                 |  32|   0|   32|          0|
    |reg_649                                 |  32|   0|   32|          0|
    |reg_655                                 |  32|   0|   32|          0|
    |reg_661                                 |  32|   0|   32|          0|
    |reg_667                                 |  32|   0|   32|          0|
    |reg_672                                 |  32|   0|   32|          0|
    |reg_678                                 |  32|   0|   32|          0|
    |reg_684                                 |  16|   0|   16|          0|
    |reg_689                                 |  32|   0|   32|          0|
    |reg_697                                 |  32|   0|   32|          0|
    |reg_706                                 |  32|   0|   32|          0|
    |reg_715                                 |  32|   0|   32|          0|
    |reg_724                                 |  32|   0|   32|          0|
    |reg_733                                 |  32|   0|   32|          0|
    |reg_739                                 |  32|   0|   32|          0|
    |reg_745                                 |  32|   0|   32|          0|
    |reg_751                                 |  32|   0|   32|          0|
    |reg_756                                 |  16|   0|   16|          0|
    |reg_761                                 |  32|   0|   32|          0|
    |reg_767                                 |  32|   0|   32|          0|
    |reg_773                                 |  32|   0|   32|          0|
    |reg_779                                 |  32|   0|   32|          0|
    |reg_785                                 |  32|   0|   32|          0|
    |reg_791                                 |  32|   0|   32|          0|
    |reg_797                                 |  32|   0|   32|          0|
    |reg_803                                 |  32|   0|   32|          0|
    |reg_808                                 |  16|   0|   16|          0|
    |reg_813                                 |  32|   0|   32|          0|
    |reg_818                                 |  32|   0|   32|          0|
    |reg_823                                 |  32|   0|   32|          0|
    |reg_829                                 |  32|   0|   32|          0|
    |reg_834                                 |  32|   0|   32|          0|
    |reg_840                                 |  32|   0|   32|          0|
    |reg_846                                 |  32|   0|   32|          0|
    |sum_2_8_2_2_reg_3301                    |  16|   0|   16|          0|
    |tmp_1_11_reg_2064                       |   1|   0|    1|          0|
    |tmp_2_12_reg_2097                       |   1|   0|    1|          0|
    |tmp_2_reg_2012                          |   6|   0|    6|          0|
    |tmp_37_cast_cast_reg_2017               |   6|   0|   12|          6|
    |tmp_3_13_reg_2129                       |   1|   0|    1|          0|
    |tmp_3_reg_1926                          |   6|   0|    6|          0|
    |tmp_40_8_2_1_reg_2931                   |  32|   0|   32|          0|
    |tmp_41_0_0_2_reg_2740                   |  32|   0|   32|          0|
    |tmp_41_0_1_1_reg_2498                   |  32|   0|   32|          0|
    |tmp_41_0_1_2_reg_2709                   |  32|   0|   32|          0|
    |tmp_41_0_1_reg_2294                     |  32|   0|   32|          0|
    |tmp_41_0_2_1_reg_2523                   |  32|   0|   32|          0|
    |tmp_41_0_2_2_reg_2766                   |  32|   0|   32|          0|
    |tmp_41_0_2_reg_2329                     |  32|   0|   32|          0|
    |tmp_41_1_0_2_reg_2714                   |  32|   0|   32|          0|
    |tmp_41_1_1_1_reg_2538                   |  32|   0|   32|          0|
    |tmp_41_1_1_2_reg_2771                   |  32|   0|   32|          0|
    |tmp_41_1_1_reg_2339                     |  32|   0|   32|          0|
    |tmp_41_1_2_1_reg_2553                   |  32|   0|   32|          0|
    |tmp_41_1_2_2_reg_2796                   |  32|   0|   32|          0|
    |tmp_41_1_2_reg_2354                     |  32|   0|   32|          0|
    |tmp_41_2_0_2_reg_2776                   |  32|   0|   32|          0|
    |tmp_41_2_1_1_reg_2563                   |  32|   0|   32|          0|
    |tmp_41_2_1_2_reg_2801                   |  32|   0|   32|          0|
    |tmp_41_2_1_reg_2364                     |  32|   0|   32|          0|
    |tmp_41_2_2_1_reg_2578                   |  32|   0|   32|          0|
    |tmp_41_2_2_2_reg_2821                   |  32|   0|   32|          0|
    |tmp_41_2_2_reg_2379                     |  32|   0|   32|          0|
    |tmp_41_3_0_2_reg_2806                   |  32|   0|   32|          0|
    |tmp_41_3_1_1_reg_2588                   |  32|   0|   32|          0|
    |tmp_41_3_1_2_reg_2826                   |  32|   0|   32|          0|
    |tmp_41_3_1_reg_2389                     |  32|   0|   32|          0|
    |tmp_41_3_2_1_reg_2603                   |  32|   0|   32|          0|
    |tmp_41_3_2_2_reg_2846                   |  32|   0|   32|          0|
    |tmp_41_3_2_reg_2404                     |  32|   0|   32|          0|
    |tmp_41_4_0_2_reg_2831                   |  32|   0|   32|          0|
    |tmp_41_4_1_1_reg_2613                   |  32|   0|   32|          0|
    |tmp_41_4_1_2_reg_2851                   |  32|   0|   32|          0|
    |tmp_41_4_1_reg_2414                     |  32|   0|   32|          0|
    |tmp_41_4_2_1_reg_2628                   |  32|   0|   32|          0|
    |tmp_41_4_2_2_reg_2871                   |  32|   0|   32|          0|
    |tmp_41_4_2_reg_2433                     |  32|   0|   32|          0|
    |tmp_41_5_0_2_reg_2856                   |  32|   0|   32|          0|
    |tmp_41_5_1_1_reg_2638                   |  32|   0|   32|          0|
    |tmp_41_5_1_2_reg_2876                   |  32|   0|   32|          0|
    |tmp_41_5_1_reg_2443                     |  32|   0|   32|          0|
    |tmp_41_5_2_1_reg_2653                   |  32|   0|   32|          0|
    |tmp_41_5_2_2_reg_2886                   |  32|   0|   32|          0|
    |tmp_41_5_2_reg_2463                     |  32|   0|   32|          0|
    |tmp_41_6_0_2_reg_2881                   |  32|   0|   32|          0|
    |tmp_41_6_1_1_reg_2663                   |  32|   0|   32|          0|
    |tmp_41_6_1_2_reg_2891                   |  32|   0|   32|          0|
    |tmp_41_6_1_reg_2473                     |  32|   0|   32|          0|
    |tmp_41_6_2_1_reg_2684                   |  32|   0|   32|          0|
    |tmp_41_6_2_2_reg_2901                   |  32|   0|   32|          0|
    |tmp_41_6_2_reg_2483                     |  32|   0|   32|          0|
    |tmp_41_7_0_2_reg_2896                   |  32|   0|   32|          0|
    |tmp_41_7_1_1_reg_2694                   |  32|   0|   32|          0|
    |tmp_41_7_1_2_reg_2906                   |  32|   0|   32|          0|
    |tmp_41_7_1_reg_2493                     |  32|   0|   32|          0|
    |tmp_41_7_2_1_reg_2941                   |  32|   0|   32|          0|
    |tmp_41_7_2_2_reg_2956                   |  32|   0|   32|          0|
    |tmp_41_7_2_reg_2921                     |  32|   0|   32|          0|
    |tmp_41_8_0_2_reg_2911                   |  32|   0|   32|          0|
    |tmp_41_8_1_1_reg_2946                   |  32|   0|   32|          0|
    |tmp_41_8_1_2_reg_2961                   |  32|   0|   32|          0|
    |tmp_41_8_1_reg_2926                     |  32|   0|   32|          0|
    |tmp_41_8_2_1_reg_2981                   |  32|   0|   32|          0|
    |tmp_41_8_2_2_reg_2991                   |  32|   0|   32|          0|
    |tmp_41_8_2_reg_2971                     |  32|   0|   32|          0|
    |tmp_41_reg_2791                         |  12|   0|   12|          0|
    |tmp_42_2_2_1_reg_3206                   |  32|   0|   32|          0|
    |tmp_42_3_2_2_reg_3286                   |  32|   0|   32|          0|
    |tmp_42_5_2_2_reg_3291                   |  32|   0|   32|          0|
    |tmp_42_6_0_1_reg_2836                   |  32|   0|   32|          0|
    |tmp_42_7_0_1_reg_2861                   |  32|   0|   32|          0|
    |tmp_42_8_2_2_reg_3296                   |  32|   0|   32|          0|
    |tmp_4_14_reg_2161                       |   1|   0|    1|          0|
    |tmp_4_reg_1967                          |  12|   0|   12|          0|
    |tmp_5_15_reg_2193                       |   1|   0|    1|          0|
    |tmp_5_reg_1982                          |  12|   0|   12|          0|
    |tmp_6_16_reg_2224                       |   1|   0|    1|          0|
    |tmp_7_17_reg_2233                       |   1|   0|    1|          0|
    |tmp_7_cast_reg_2264                     |  12|   0|   32|         20|
    |tmp_8_18_reg_2429                       |   1|   0|    1|          0|
    |tmp_reg_1952                            |  12|   0|   12|          0|
    |tmp_s_reg_1997                          |   1|   0|    1|          0|
    |out_addr_1_reg_2309                     |  64|  32|   12|          0|
    |out_addr_2_reg_2324                     |  64|  32|   12|          0|
    |out_addr_3_reg_2349                     |  64|  32|   12|          0|
    |out_addr_4_reg_2374                     |  64|  32|   12|          0|
    |out_addr_5_reg_2399                     |  64|  32|   12|          0|
    |out_addr_6_reg_2424                     |  64|  32|   12|          0|
    |out_addr_7_reg_2453                     |  64|  32|   12|          0|
    |out_addr_8_reg_2704                     |  64|  32|   12|          0|
    |tmp_1_11_reg_2064                       |  64|  32|    1|          0|
    |tmp_2_12_reg_2097                       |  64|  32|    1|          0|
    |tmp_3_13_reg_2129                       |  64|  32|    1|          0|
    |tmp_41_0_1_2_reg_2709                   |  64|  32|   32|          0|
    |tmp_41_0_2_1_reg_2523                   |  64|  32|   32|          0|
    |tmp_41_0_2_2_reg_2766                   |  64|  32|   32|          0|
    |tmp_41_0_2_reg_2329                     |  64|  32|   32|          0|
    |tmp_41_1_1_2_reg_2771                   |  64|  32|   32|          0|
    |tmp_41_1_2_1_reg_2553                   |  64|  32|   32|          0|
    |tmp_41_1_2_2_reg_2796                   |  64|  32|   32|          0|
    |tmp_41_1_2_reg_2354                     |  64|  32|   32|          0|
    |tmp_41_2_1_2_reg_2801                   |  64|  32|   32|          0|
    |tmp_41_2_2_1_reg_2578                   |  64|  32|   32|          0|
    |tmp_41_2_2_2_reg_2821                   |  64|  32|   32|          0|
    |tmp_41_2_2_reg_2379                     |  64|  32|   32|          0|
    |tmp_41_3_1_2_reg_2826                   |  64|  32|   32|          0|
    |tmp_41_3_2_1_reg_2603                   |  64|  32|   32|          0|
    |tmp_41_3_2_2_reg_2846                   |  64|  32|   32|          0|
    |tmp_41_3_2_reg_2404                     |  64|  32|   32|          0|
    |tmp_41_4_1_2_reg_2851                   |  64|  32|   32|          0|
    |tmp_41_4_2_1_reg_2628                   |  64|  32|   32|          0|
    |tmp_41_4_2_2_reg_2871                   |  64|  32|   32|          0|
    |tmp_41_4_2_reg_2433                     |  64|  32|   32|          0|
    |tmp_41_5_1_2_reg_2876                   |  64|  32|   32|          0|
    |tmp_41_5_2_1_reg_2653                   |  64|  32|   32|          0|
    |tmp_41_5_2_2_reg_2886                   |  64|  32|   32|          0|
    |tmp_41_5_2_reg_2463                     |  64|  32|   32|          0|
    |tmp_41_6_1_2_reg_2891                   |  64|  32|   32|          0|
    |tmp_41_6_2_1_reg_2684                   |  64|  32|   32|          0|
    |tmp_41_6_2_2_reg_2901                   |  64|  32|   32|          0|
    |tmp_41_6_2_reg_2483                     |  64|  32|   32|          0|
    |tmp_41_7_1_2_reg_2906                   |  64|  32|   32|          0|
    |tmp_41_7_2_1_reg_2941                   |  64|  32|   32|          0|
    |tmp_41_7_2_2_reg_2956                   |  64|  32|   32|          0|
    |tmp_41_7_2_reg_2921                     |  64|  32|   32|          0|
    |tmp_41_8_2_1_reg_2981                   |  64|  32|   32|          0|
    |tmp_41_8_2_2_reg_2991                   |  64|  32|   32|          0|
    |tmp_41_8_2_reg_2971                     |  64|  32|   32|          0|
    |tmp_4_14_reg_2161                       |  64|  32|    1|          0|
    |tmp_5_15_reg_2193                       |  64|  32|    1|          0|
    |tmp_6_16_reg_2224                       |  64|  32|    1|          0|
    |tmp_7_17_reg_2233                       |  64|  32|    1|          0|
    |tmp_7_cast_reg_2264                     |  64|  32|   32|         20|
    |tmp_8_18_reg_2429                       |  64|  32|    1|          0|
    |tmp_s_reg_1997                          |  64|  32|    1|          0|
    +----------------------------------------+----+----+-----+-----------+
    |Total                                   |8151|1696| 6102|        106|
    +----------------------------------------+----+----+-----+-----------+



================================================================
== Interface
================================================================
* Summary: 
+--------------------+-----+-----+------------+--------------+--------------+
|      RTL Ports     | Dir | Bits|  Protocol  | Source Object|    C Type    |
+--------------------+-----+-----+------------+--------------+--------------+
|s_axi_conv_AWVALID  |  in |    1|    s_axi   |     conv     |     array    |
|s_axi_conv_AWREADY  | out |    1|    s_axi   |     conv     |     array    |
|s_axi_conv_AWADDR   |  in |   15|    s_axi   |     conv     |     array    |
|s_axi_conv_WVALID   |  in |    1|    s_axi   |     conv     |     array    |
|s_axi_conv_WREADY   | out |    1|    s_axi   |     conv     |     array    |
|s_axi_conv_WDATA    |  in |   32|    s_axi   |     conv     |     array    |
|s_axi_conv_WSTRB    |  in |    4|    s_axi   |     conv     |     array    |
|s_axi_conv_ARVALID  |  in |    1|    s_axi   |     conv     |     array    |
|s_axi_conv_ARREADY  | out |    1|    s_axi   |     conv     |     array    |
|s_axi_conv_ARADDR   |  in |   15|    s_axi   |     conv     |     array    |
|s_axi_conv_RVALID   | out |    1|    s_axi   |     conv     |     array    |
|s_axi_conv_RREADY   |  in |    1|    s_axi   |     conv     |     array    |
|s_axi_conv_RDATA    | out |   32|    s_axi   |     conv     |     array    |
|s_axi_conv_RRESP    | out |    2|    s_axi   |     conv     |     array    |
|s_axi_conv_BVALID   | out |    1|    s_axi   |     conv     |     array    |
|s_axi_conv_BREADY   |  in |    1|    s_axi   |     conv     |     array    |
|s_axi_conv_BRESP    | out |    2|    s_axi   |     conv     |     array    |
|ap_clk              |  in |    1| ap_ctrl_hs |   convolve   | return value |
|ap_rst_n            |  in |    1| ap_ctrl_hs |   convolve   | return value |
|interrupt           | out |    1| ap_ctrl_hs |   convolve   | return value |
+--------------------+-----+-----+------------+--------------+--------------+

