Report time       : Sun Dec 16 13:58:54 GMT 2018.
Solution          : solution1.
Simulation tool   : xsim.

+----------+----------+-----------------------------------------------+-----------------------------------------------+
|          |          |                    Latency                    |                    Interval                   |
+   RTL    +  Status  +-----------------------------------------------+-----------------------------------------------+
|          |          |      min      |      avg      |      max      |      min      |      avg      |      max      |
+----------+----------+-----------------------------------------------+-----------------------------------------------+
|      VHDL|        NA|         516762|         516762|         516762|             NA|             NA|             NA|
|   Verilog|      Pass|         531803|         531803|         531803|             NA|             NA|             NA|
+----------+----------+-----------------------------------------------+-----------------------------------------------+
